Archive member included to satisfy reference by file (symbol)

/home/adin.n@acsiatech.com/.eclipse/com.st.stm32cube.ide.mcu.rcp.product_1.19.0_139068057_linux_gtk_x86_64/plugins/com.st.stm32cube.ide.mcu.externaltools.gnu-tools-for-stm32.14.3.rel1.linux64_1.0.100.202602081740/tools/bin/../lib/gcc/arm-none-eabi/14.3.1/../../../../arm-none-eabi/lib/thumb/v7e-m+dp/hard/libc_nano.a(libc_a-exit.o)
                              /home/adin.n@acsiatech.com/.eclipse/com.st.stm32cube.ide.mcu.rcp.product_1.19.0_139068057_linux_gtk_x86_64/plugins/com.st.stm32cube.ide.mcu.externaltools.gnu-tools-for-stm32.14.3.rel1.linux64_1.0.100.202602081740/tools/bin/../lib/gcc/arm-none-eabi/14.3.1/../../../../arm-none-eabi/lib/thumb/v7e-m+dp/hard/crt0.o (exit)
/home/adin.n@acsiatech.com/.eclipse/com.st.stm32cube.ide.mcu.rcp.product_1.19.0_139068057_linux_gtk_x86_64/plugins/com.st.stm32cube.ide.mcu.externaltools.gnu-tools-for-stm32.14.3.rel1.linux64_1.0.100.202602081740/tools/bin/../lib/gcc/arm-none-eabi/14.3.1/../../../../arm-none-eabi/lib/thumb/v7e-m+dp/hard/libc_nano.a(libc_a-findfp.o)
                              /home/adin.n@acsiatech.com/.eclipse/com.st.stm32cube.ide.mcu.rcp.product_1.19.0_139068057_linux_gtk_x86_64/plugins/com.st.stm32cube.ide.mcu.externaltools.gnu-tools-for-stm32.14.3.rel1.linux64_1.0.100.202602081740/tools/bin/../lib/gcc/arm-none-eabi/14.3.1/../../../../arm-none-eabi/lib/thumb/v7e-m+dp/hard/libc_nano.a(libc_a-exit.o) (__stdio_exit_handler)
/home/adin.n@acsiatech.com/.eclipse/com.st.stm32cube.ide.mcu.rcp.product_1.19.0_139068057_linux_gtk_x86_64/plugins/com.st.stm32cube.ide.mcu.externaltools.gnu-tools-for-stm32.14.3.rel1.linux64_1.0.100.202602081740/tools/bin/../lib/gcc/arm-none-eabi/14.3.1/../../../../arm-none-eabi/lib/thumb/v7e-m+dp/hard/libc_nano.a(libc_a-fwalk.o)
                              /home/adin.n@acsiatech.com/.eclipse/com.st.stm32cube.ide.mcu.rcp.product_1.19.0_139068057_linux_gtk_x86_64/plugins/com.st.stm32cube.ide.mcu.externaltools.gnu-tools-for-stm32.14.3.rel1.linux64_1.0.100.202602081740/tools/bin/../lib/gcc/arm-none-eabi/14.3.1/../../../../arm-none-eabi/lib/thumb/v7e-m+dp/hard/libc_nano.a(libc_a-findfp.o) (_fwalk_sglue)
/home/adin.n@acsiatech.com/.eclipse/com.st.stm32cube.ide.mcu.rcp.product_1.19.0_139068057_linux_gtk_x86_64/plugins/com.st.stm32cube.ide.mcu.externaltools.gnu-tools-for-stm32.14.3.rel1.linux64_1.0.100.202602081740/tools/bin/../lib/gcc/arm-none-eabi/14.3.1/../../../../arm-none-eabi/lib/thumb/v7e-m+dp/hard/libc_nano.a(libc_a-stdio.o)
                              /home/adin.n@acsiatech.com/.eclipse/com.st.stm32cube.ide.mcu.rcp.product_1.19.0_139068057_linux_gtk_x86_64/plugins/com.st.stm32cube.ide.mcu.externaltools.gnu-tools-for-stm32.14.3.rel1.linux64_1.0.100.202602081740/tools/bin/../lib/gcc/arm-none-eabi/14.3.1/../../../../arm-none-eabi/lib/thumb/v7e-m+dp/hard/libc_nano.a(libc_a-findfp.o) (__sread)
/home/adin.n@acsiatech.com/.eclipse/com.st.stm32cube.ide.mcu.rcp.product_1.19.0_139068057_linux_gtk_x86_64/plugins/com.st.stm32cube.ide.mcu.externaltools.gnu-tools-for-stm32.14.3.rel1.linux64_1.0.100.202602081740/tools/bin/../lib/gcc/arm-none-eabi/14.3.1/../../../../arm-none-eabi/lib/thumb/v7e-m+dp/hard/libc_nano.a(libc_a-memset.o)
                              /home/adin.n@acsiatech.com/.eclipse/com.st.stm32cube.ide.mcu.rcp.product_1.19.0_139068057_linux_gtk_x86_64/plugins/com.st.stm32cube.ide.mcu.externaltools.gnu-tools-for-stm32.14.3.rel1.linux64_1.0.100.202602081740/tools/bin/../lib/gcc/arm-none-eabi/14.3.1/../../../../arm-none-eabi/lib/thumb/v7e-m+dp/hard/crt0.o (memset)
/home/adin.n@acsiatech.com/.eclipse/com.st.stm32cube.ide.mcu.rcp.product_1.19.0_139068057_linux_gtk_x86_64/plugins/com.st.stm32cube.ide.mcu.externaltools.gnu-tools-for-stm32.14.3.rel1.linux64_1.0.100.202602081740/tools/bin/../lib/gcc/arm-none-eabi/14.3.1/../../../../arm-none-eabi/lib/thumb/v7e-m+dp/hard/libc_nano.a(libc_a-closer.o)
                              /home/adin.n@acsiatech.com/.eclipse/com.st.stm32cube.ide.mcu.rcp.product_1.19.0_139068057_linux_gtk_x86_64/plugins/com.st.stm32cube.ide.mcu.externaltools.gnu-tools-for-stm32.14.3.rel1.linux64_1.0.100.202602081740/tools/bin/../lib/gcc/arm-none-eabi/14.3.1/../../../../arm-none-eabi/lib/thumb/v7e-m+dp/hard/libc_nano.a(libc_a-stdio.o) (_close_r)
/home/adin.n@acsiatech.com/.eclipse/com.st.stm32cube.ide.mcu.rcp.product_1.19.0_139068057_linux_gtk_x86_64/plugins/com.st.stm32cube.ide.mcu.externaltools.gnu-tools-for-stm32.14.3.rel1.linux64_1.0.100.202602081740/tools/bin/../lib/gcc/arm-none-eabi/14.3.1/../../../../arm-none-eabi/lib/thumb/v7e-m+dp/hard/libc_nano.a(libc_a-reent.o)
                              /home/adin.n@acsiatech.com/.eclipse/com.st.stm32cube.ide.mcu.rcp.product_1.19.0_139068057_linux_gtk_x86_64/plugins/com.st.stm32cube.ide.mcu.externaltools.gnu-tools-for-stm32.14.3.rel1.linux64_1.0.100.202602081740/tools/bin/../lib/gcc/arm-none-eabi/14.3.1/../../../../arm-none-eabi/lib/thumb/v7e-m+dp/hard/libc_nano.a(libc_a-closer.o) (errno)
[...]
Memory Configuration

Name             Origin             Length             Attributes
RAM_D1           0x24000004         0x00100000         xrw
*default*        0x00000000         0xffffffff

Linker script and memory map

LOAD /home/adin.n@acsiatech.com/.eclipse/com.st.stm32cube.ide.mcu.rcp.product_1.19.0_139068057_linux_gtk_x86_64/plugins/com.st.stm32cube.ide.mcu.externaltools.gnu-tools-for-stm32.14.3.rel1.linux64_1.0.100.202602081740/tools/bin/../lib/gcc/arm-none-eabi/14.3.1/thumb/v7e-m+dp/hard/crti.o
LOAD /home/adin.n@acsiatech.com/.eclipse/com.st.stm32cube.ide.mcu.rcp.product_1.19.0_139068057_linux_gtk_x86_64/plugins/com.st.stm32cube.ide.mcu.externaltools.gnu-tools-for-stm32.14.3.rel1.linux64_1.0.100.202602081740/tools/bin/../lib/gcc/arm-none-eabi/14.3.1/thumb/v7e-m+dp/hard/crtbegin.o
LOAD /home/adin.n@acsiatech.com/.eclipse/com.st.stm32cube.ide.mcu.rcp.product_1.19.0_139068057_linux_gtk_x86_64/plugins/com.st.stm32cube.ide.mcu.externaltools.gnu-tools-for-stm32.14.3.rel1.linux64_1.0.100.202602081740/tools/bin/../lib/gcc/arm-none-eabi/14.3.1/../../../../arm-none-eabi/lib/thumb/v7e-m+dp/hard/crt0.o
LOAD ./Core/Src/Dev_Inf.o
LOAD ./Core/Src/Loader_Src.o
LOAD ./Core/Src/gpio.o
LOAD ./Core/Src/main.o
LOAD ./Core/Src/octospi.o
LOAD ./Core/Src/stm32h7xx_hal_msp.o
LOAD ./Core/Src/stm32h7xx_it.o
LOAD ./Core/Src/syscalls.o
LOAD ./Core/Src/sysmem.o
LOAD ./Core/Src/system_stm32h7xx.o
LOAD ./Core/Startup/startup_stm32h7a3vitx.o
LOAD ./Drivers/STM32H7xx_HAL_Driver/Src/stm32h7xx_hal.o
LOAD ./Drivers/STM32H7xx_HAL_Driver/Src/stm32h7xx_hal_cortex.o
LOAD ./Drivers/STM32H7xx_HAL_Driver/Src/stm32h7xx_hal_dma.o
LOAD ./Drivers/STM32H7xx_HAL_Driver/Src/stm32h7xx_hal_dma_ex.o
LOAD ./Drivers/STM32H7xx_HAL_Driver/Src/stm32h7xx_hal_exti.o
LOAD ./Drivers/STM32H7xx_HAL_Driver/Src/stm32h7xx_hal_flash.o
LOAD ./Drivers/STM32H7xx_HAL_Driver/Src/stm32h7xx_hal_flash_ex.o
LOAD ./Drivers/STM32H7xx_HAL_Driver/Src/stm32h7xx_hal_gpio.o
LOAD ./Drivers/STM32H7xx_HAL_Driver/Src/stm32h7xx_hal_hsem.o
LOAD ./Drivers/STM32H7xx_HAL_Driver/Src/stm32h7xx_hal_i2c.o
LOAD ./Drivers/STM32H7xx_HAL_Driver/Src/stm32h7xx_hal_i2c_ex.o
LOAD ./Drivers/STM32H7xx_HAL_Driver/Src/stm32h7xx_hal_mdma.o
LOAD ./Drivers/STM32H7xx_HAL_Driver/Src/stm32h7xx_hal_ospi.o
LOAD ./Drivers/STM32H7xx_HAL_Driver/Src/stm32h7xx_hal_pwr.o
LOAD ./Drivers/STM32H7xx_HAL_Driver/Src/stm32h7xx_hal_pwr_ex.o
LOAD ./Drivers/STM32H7xx_HAL_Driver/Src/stm32h7xx_hal_rcc.o
LOAD ./Drivers/STM32H7xx_HAL_Driver/Src/stm32h7xx_hal_rcc_ex.o
LOAD ./Drivers/STM32H7xx_HAL_Driver/Src/stm32h7xx_hal_tim.o
LOAD ./Drivers/STM32H7xx_HAL_Driver/Src/stm32h7xx_hal_tim_ex.o
START GROUP
LOAD /home/adin.n@acsiatech.com/.eclipse/com.st.stm32cube.ide.mcu.rcp.product_1.19.0_139068057_linux_gtk_x86_64/plugins/com.st.stm32cube.ide.mcu.externaltools.gnu-tools-for-stm32.14.3.rel1.linux64_1.0.100.202602081740/tools/bin/../lib/gcc/arm-none-eabi/14.3.1/../../../../arm-none-eabi/lib/thumb/v7e-m+dp/hard/libc_nano.a
LOAD /home/adin.n@acsiatech.com/.eclipse/com.st.stm32cube.ide.mcu.rcp.product_1.19.0_139068057_linux_gtk_x86_64/plugins/com.st.stm32cube.ide.mcu.externaltools.gnu-tools-for-stm32.14.3.rel1.linux64_1.0.100.202602081740/tools/bin/../lib/gcc/arm-none-eabi/14.3.1/../../../../arm-none-eabi/lib/thumb/v7e-m+dp/hard/libm.a
END GROUP
START GROUP
LOAD /home/adin.n@acsiatech.com/.eclipse/com.st.stm32cube.ide.mcu.rcp.product_1.19.0_139068057_linux_gtk_x86_64/plugins/com.st.stm32cube.ide.mcu.externaltools.gnu-tools-for-stm32.14.3.rel1.linux64_1.0.100.202602081740/tools/bin/../lib/gcc/arm-none-eabi/14.3.1/thumb/v7e-m+dp/hard/libgcc.a
LOAD /home/adin.n@acsiatech.com/.eclipse/com.st.stm32cube.ide.mcu.rcp.product_1.19.0_139068057_linux_gtk_x86_64/plugins/com.st.stm32cube.ide.mcu.externaltools.gnu-tools-for-stm32.14.3.rel1.linux64_1.0.100.202602081740/tools/bin/../lib/gcc/arm-none-eabi/14.3.1/../../../../arm-none-eabi/lib/thumb/v7e-m+dp/hard/libc_nano.a
END GROUP
START GROUP
LOAD /home/adin.n@acsiatech.com/.eclipse/com.st.stm32cube.ide.mcu.rcp.product_1.19.0_139068057_linux_gtk_x86_64/plugins/com.st.stm32cube.ide.mcu.externaltools.gnu-tools-for-stm32.14.3.rel1.linux64_1.0.100.202602081740/tools/bin/../lib/gcc/arm-none-eabi/14.3.1/thumb/v7e-m+dp/hard/libgcc.a
LOAD /home/adin.n@acsiatech.com/.eclipse/com.st.stm32cube.ide.mcu.rcp.product_1.19.0_139068057_linux_gtk_x86_64/plugins/com.st.stm32cube.ide.mcu.externaltools.gnu-tools-for-stm32.14.3.rel1.linux64_1.0.100.202602081740/tools/bin/../lib/gcc/arm-none-eabi/14.3.1/../../../../arm-none-eabi/lib/thumb/v7e-m+dp/hard/libc_nano.a
LOAD /home/adin.n@acsiatech.com/.eclipse/com.st.stm32cube.ide.mcu.rcp.product_1.19.0_139068057_linux_gtk_x86_64/plugins/com.st.stm32cube.ide.mcu.externaltools.gnu-tools-for-stm32.14.3.rel1.linux64_1.0.100.202602081740/tools/bin/../lib/gcc/arm-none-eabi/14.3.1/../../../../arm-none-eabi/lib/thumb/v7e-m+dp/hard/libnosys.a
END GROUP
START GROUP
LOAD /home/adin.n@acsiatech.com/.eclipse/com.st.stm32cube.ide.mcu.rcp.product_1.19.0_139068057_linux_gtk_x86_64/plugins/com.st.stm32cube.ide.mcu.externaltools.gnu-tools-for-stm32.14.3.rel1.linux64_1.0.100.202602081740/tools/bin/../lib/gcc/arm-none-eabi/14.3.1/thumb/v7e-m+dp/hard/libgcc.a
LOAD /home/adin.n@acsiatech.com/.eclipse/com.st.stm32cube.ide.mcu.rcp.product_1.19.0_139068057_linux_gtk_x86_64/plugins/com.st.stm32cube.ide.mcu.externaltools.gnu-tools-for-stm32.14.3.rel1.linux64_1.0.100.202602081740/tools/bin/../lib/gcc/arm-none-eabi/14.3.1/../../../../arm-none-eabi/lib/thumb/v7e-m+dp/hard/libc_nano.a
LOAD /home/adin.n@acsiatech.com/.eclipse/com.st.stm32cube.ide.mcu.rcp.product_1.19.0_139068057_linux_gtk_x86_64/plugins/com.st.stm32cube.ide.mcu.externaltools.gnu-tools-for-stm32.14.3.rel1.linux64_1.0.100.202602081740/tools/bin/../lib/gcc/arm-none-eabi/14.3.1/../../../../arm-none-eabi/lib/thumb/v7e-m+dp/hard/libnosys.a
END GROUP
LOAD /home/adin.n@acsiatech.com/.eclipse/com.st.stm32cube.ide.mcu.rcp.product_1.19.0_139068057_linux_gtk_x86_64/plugins/com.st.stm32cube.ide.mcu.externaltools.gnu-tools-for-stm32.14.3.rel1.linux64_1.0.100.202602081740/tools/bin/../lib/gcc/arm-none-eabi/14.3.1/thumb/v7e-m+dp/hard/crtend.o
LOAD /home/adin.n@acsiatech.com/.eclipse/com.st.stm32cube.ide.mcu.rcp.product_1.19.0_139068057_linux_gtk_x86_64/plugins/com.st.stm32cube.ide.mcu.externaltools.gnu-tools-for-stm32.14.3.rel1.linux64_1.0.100.202602081740/tools/bin/../lib/gcc/arm-none-eabi/14.3.1/thumb/v7e-m+dp/hard/crtn.o
                0x24100004                        _estack = (ORIGIN (RAM_D1) + LENGTH (RAM_D1))
                0x00000200                        _Min_Heap_Size = 0x200
                0x00000400                        _Min_Stack_Size = 0x400

.isr_vector     0x24000004      0x4a8
                0x24000200                        . = (. + 0x1fc)
 *fill*         0x24000004      0x1fc 
                0x24000200                        . = ALIGN (0x4)
 *(.isr_vector)
 .isr_vector    0x24000200      0x2ac ./Core/Startup/startup_stm32h7a3vitx.o
                0x24000200                g_pfnVectors
                0x240004ac                        . = ALIGN (0x4)

.ARM.extab      0x240004ac        0x0
 *(.ARM.extab* .gnu.linkonce.armextab.*)
 .ARM.extab     0x240004ac        0x0 /home/adin.n@acsiatech.com/.eclipse/com.st.stm32cube.ide.mcu.rcp.product_1.19.0_139068057_linux_gtk_x86_64/plugins/com.st.stm32cube.ide.mcu.externaltools.gnu-tools-for-stm32.14.3.rel1.linux64_1.0.100.202602081740/tools/bin/../lib/gcc/arm-none-eabi/14.3.1/../../../../arm-none-eabi/lib/thumb/v7e-m+dp/hard/crt0.o

.ARM            0x240004ac        0x8
                0x240004ac                        __exidx_start = .
 *(.ARM.exidx*)
 .ARM.exidx     0x240004ac        0x8 /home/adin.n@acsiatech.com/.eclipse/com.st.stm32cube.ide.mcu.rcp.product_1.19.0_139068057_linux_gtk_x86_64/plugins/com.st.stm32cube.ide.mcu.externaltools.gnu-tools-for-stm32.14.3.rel1.linux64_1.0.100.202602081740/tools/bin/../lib/gcc/arm-none-eabi/14.3.1/../../../../arm-none-eabi/lib/thumb/v7e-m+dp/hard/crt0.o
                                 0x10 (size before relaxing)
                0x240004b4                        __exidx_end = .

.preinit_array  0x240004b4        0x0
                0x240004b4                        PROVIDE (__preinit_array_start = .)
 *(.preinit_array*)
                0x240004b4                        PROVIDE (__preinit_array_end = .)

.init_array     0x240004b4        0x4
                0x240004b4                        PROVIDE (__init_array_start = .)
 *(SORT_BY_NAME(.init_array.*))
 *(.init_array*)
 .init_array    0x240004b4        0x4 /home/adin.n@acsiatech.com/.eclipse/com.st.stm32cube.ide.mcu.rcp.product_1.19.0_139068057_linux_gtk_x86_64/plugins/com.st.stm32cube.ide.mcu.externaltools.gnu-tools-for-stm32.14.3.rel1.linux64_1.0.100.202602081740/tools/bin/../lib/gcc/arm-none-eabi/14.3.1/thumb/v7e-m+dp/hard/crtbegin.o
                0x240004b8                        PROVIDE (__init_array_end = .)

.fini_array     0x240004b8        0x4
                [!provide]                        PROVIDE (__fini_array_start = .)
 *(SORT_BY_NAME(.fini_array.*))
 *(.fini_array*)
 .fini_array    0x240004b8        0x4 /home/adin.n@acsiatech.com/.eclipse/com.st.stm32cube.ide.mcu.rcp.product_1.19.0_139068057_linux_gtk_x86_64/plugins/com.st.stm32cube.ide.mcu.externaltools.gnu-tools-for-stm32.14.3.rel1.linux64_1.0.100.202602081740/tools/bin/../lib/gcc/arm-none-eabi/14.3.1/thumb/v7e-m+dp/hard/crtbegin.o
                [!provide]                        PROVIDE (__fini_array_end = .)
                0x240004bc                        _sidata = LOADADDR (.data)

.data           0x240004bc       0x74
                0x240004bc                        . = ALIGN (0x4)
                0x240004bc                        _sdata = .
 *(.data)
 .data          0x240004bc        0x0 /home/adin.n@acsiatech.com/.eclipse/com.st.stm32cube.ide.mcu.rcp.product_1.19.0_139068057_linux_gtk_x86_64/plugins/com.st.stm32cube.ide.mcu.externaltools.gnu-tools-for-stm32.14.3.rel1.linux64_1.0.100.202602081740/tools/bin/../lib/gcc/arm-none-eabi/14.3.1/thumb/v7e-m+dp/hard/crti.o
 .data          0x240004bc        0x4 /home/adin.n@acsiatech.com/.eclipse/com.st.stm32cube.ide.mcu.rcp.product_1.19.0_139068057_linux_gtk_x86_64/plugins/com.st.stm32cube.ide.mcu.externaltools.gnu-tools-for-stm32.14.3.rel1.linux64_1.0.100.202602081740/tools/bin/../lib/gcc/arm-none-eabi/14.3.1/thumb/v7e-m+dp/hard/crtbegin.o
                0x240004bc                __dso_handle
 .data          0x240004c0        0x0 /home/adin.n@acsiatech.com/.eclipse/com.st.stm32cube.ide.mcu.rcp.product_1.19.0_139068057_linux_gtk_x86_64/plugins/com.st.stm32cube.ide.mcu.externaltools.gnu-tools-for-stm32.14.3.rel1.linux64_1.0.100.202602081740/tools/bin/../lib/gcc/arm-none-eabi/14.3.1/../../../../arm-none-eabi/lib/thumb/v7e-m+dp/hard/crt0.o
 .data          0x240004c0        0x0 ./Core/Src/Dev_Inf.o
 .data          0x240004c0        0x0 ./Core/Src/Loader_Src.o
 .data          0x240004c0        0x0 ./Core/Src/gpio.o
 .data          0x240004c0        0x0 ./Core/Src/main.o
 .data          0x240004c0        0x0 ./Core/Src/octospi.o
 .data          0x240004c0        0x0 ./Core/Src/stm32h7xx_hal_msp.o
 .data          0x240004c0        0x0 ./Core/Src/stm32h7xx_it.o
 .data          0x240004c0        0x0 ./Core/Src/syscalls.o
 .data          0x240004c0        0x0 ./Core/Src/sysmem.o
 .data          0x240004c0        0x0 ./Core/Src/system_stm32h7xx.o
 .data          0x240004c0        0x0 ./Core/Startup/startup_stm32h7a3vitx.o
 .data          0x240004c0        0x0 ./Drivers/STM32H7xx_HAL_Driver/Src/stm32h7xx_hal.o
 .data          0x240004c0        0x0 ./Drivers/STM32H7xx_HAL_Driver/Src/stm32h7xx_hal_cortex.o
 .data          0x240004c0        0x0 ./Drivers/STM32H7xx_HAL_Driver/Src/stm32h7xx_hal_dma.o
 .data          0x240004c0        0x0 ./Drivers/STM32H7xx_HAL_Driver/Src/stm32h7xx_hal_dma_ex.o
 .data          0x240004c0        0x0 ./Drivers/STM32H7xx_HAL_Driver/Src/stm32h7xx_hal_exti.o
 .data          0x240004c0        0x0 ./Drivers/STM32H7xx_HAL_Driver/Src/stm32h7xx_hal_flash.o
 .data          0x240004c0        0x0 ./Drivers/STM32H7xx_HAL_Driver/Src/stm32h7xx_hal_flash_ex.o
 .data          0x240004c0        0x0 ./Drivers/STM32H7xx_HAL_Driver/Src/stm32h7xx_hal_gpio.o
 .data          0x240004c0        0x0 ./Drivers/STM32H7xx_HAL_Driver/Src/stm32h7xx_hal_hsem.o
 .data          0x240004c0        0x0 ./Drivers/STM32H7xx_HAL_Driver/Src/stm32h7xx_hal_i2c.o
 .data          0x240004c0        0x0 ./Drivers/STM32H7xx_HAL_Driver/Src/stm32h7xx_hal_i2c_ex.o
 .data          0x240004c0        0x0 ./Drivers/STM32H7xx_HAL_Driver/Src/stm32h7xx_hal_mdma.o
 .data          0x240004c0        0x0 ./Drivers/STM32H7xx_HAL_Driver/Src/stm32h7xx_hal_ospi.o
 .data          0x240004c0        0x0 ./Drivers/STM32H7xx_HAL_Driver/Src/stm32h7xx_hal_pwr.o
 .data          0x240004c0        0x0 ./Drivers/STM32H7xx_HAL_Driver/Src/stm32h7xx_hal_pwr_ex.o
 .data          0x240004c0        0x0 ./Drivers/STM32H7xx_HAL_Driver/Src/stm32h7xx_hal_rcc.o
 .data          0x240004c0        0x0 ./Drivers/STM32H7xx_HAL_Driver/Src/stm32h7xx_hal_rcc_ex.o
 .data          0x240004c0        0x0 ./Drivers/STM32H7xx_HAL_Driver/Src/stm32h7xx_hal_tim.o
 .data          0x240004c0        0x0 ./Drivers/STM32H7xx_HAL_Driver/Src/stm32h7xx_hal_tim_ex.o
 .data          0x240004c0        0x0 /home/adin.n@acsiatech.com/.eclipse/com.st.stm32cube.ide.mcu.rcp.product_1.19.0_139068057_linux_gtk_x86_64/plugins/com.st.stm32cube.ide.mcu.externaltools.gnu-tools-for-stm32.14.3.rel1.linux64_1.0.100.202602081740/tools/bin/../lib/gcc/arm-none-eabi/14.3.1/../../../../arm-none-eabi/lib/thumb/v7e-m+dp/hard/libc_nano.a(libc_a-exit.o)
 .data          0x240004c0        0x0 /home/adin.n@acsiatech.com/.eclipse/com.st.stm32cube.ide.mcu.rcp.product_1.19.0_139068057_linux_gtk_x86_64/plugins/com.st.stm32cube.ide.mcu.externaltools.gnu-tools-for-stm32.14.3.rel1.linux64_1.0.100.202602081740/tools/bin/../lib/gcc/arm-none-eabi/14.3.1/../../../../arm-none-eabi/lib/thumb/v7e-m+dp/hard/libc_nano.a(libc_a-findfp.o)
 .data          0x240004c0        0x0 /home/adin.n@acsiatech.com/.eclipse/com.st.stm32cube.ide.mcu.rcp.product_1.19.0_139068057_linux_gtk_x86_64/plugins/com.st.stm32cube.ide.mcu.externaltools.gnu-tools-for-stm32.14.3.rel1.linux64_1.0.100.202602081740/tools/bin/../lib/gcc/arm-none-eabi/14.3.1/../../../../arm-none-eabi/lib/thumb/v7e-m+dp/hard/libc_nano.a(libc_a-fwalk.o)
 .data          0x240004c0        0x0 /home/adin.n@acsiatech.com/.eclipse/com.st.stm32cube.ide.mcu.rcp.product_1.19.0_139068057_linux_gtk_x86_64/plugins/com.st.stm32cube.ide.mcu.externaltools.gnu-tools-for-stm32.14.3.rel1.linux64_1.0.100.202602081740/tools/bin/../lib/gcc/arm-none-eabi/14.3.1/../../../../arm-none-eabi/lib/thumb/v7e-m+dp/hard/libc_nano.a(libc_a-stdio.o)
 .data          0x240004c0        0x0 /home/adin.n@acsiatech.com/.eclipse/com.st.stm32cube.ide.mcu.rcp.product_1.19.0_139068057_linux_gtk_x86_64/plugins/com.st.stm32cube.ide.mcu.externaltools.gnu-tools-for-stm32.14.3.rel1.linux64_1.0.100.202602081740/tools/bin/../lib/gcc/arm-none-eabi/14.3.1/../../../../arm-none-eabi/lib/thumb/v7e-m+dp/hard/libc_nano.a(libc_a-memset.o)
 .data          0x240004c0        0x0 /home/adin.n@acsiatech.com/.eclipse/com.st.stm32cube.ide.mcu.rcp.product_1.19.0_139068057_linux_gtk_x86_64/plugins/com.st.stm32cube.ide.mcu.externaltools.gnu-tools-for-stm32.14.3.rel1.linux64_1.0.100.202602081740/tools/bin/../lib/gcc/arm-none-eabi/14.3.1/../../../../arm-none-eabi/lib/thumb/v7e-m+dp/hard/libc_nano.a(libc_a-closer.o)
 .data          0x240004c0        0x0 /home/adin.n@acsiatech.com/.eclipse/com.st.stm32cube.ide.mcu.rcp.product_1.19.0_139068057_linux_gtk_x86_64/plugins/com.st.stm32cube.ide.mcu.externaltools.gnu-tools-for-stm32.14.3.rel1.linux64_1.0.100.202602081740/tools/bin/../lib/gcc/arm-none-eabi/14.3.1/../../../../arm-none-eabi/lib/thumb/v7e-m+dp/hard/libc_nano.a(libc_a-reent.o)
 .data          0x240004c0        0x0 /home/adin.n@acsiatech.com/.eclipse/com.st.stm32cube.ide.mcu.rcp.product_1.19.0_139068057_linux_gtk_x86_64/plugins/com.st.stm32cube.ide.mcu.externaltools.gnu-tools-for-stm32.14.3.rel1.linux64_1.0.100.202602081740/tools/bin/../lib/gcc/arm-none-eabi/14.3.1/../../../../arm-none-eabi/lib/thumb/v7e-m+dp/hard/libc_nano.a(libc_a-impure.o)
 .data          0x240004c0        0x0 /home/adin.n@acsiatech.com/.eclipse/com.st.stm32cube.ide.mcu.rcp.product_1.19.0_139068057_linux_gtk_x86_64/plugins/com.st.stm32cube.ide.mcu.externaltools.gnu-tools-for-stm32.14.3.rel1.linux64_1.0.100.202602081740/tools/bin/../lib/gcc/arm-none-eabi/14.3.1/../../../../arm-none-eabi/lib/thumb/v7e-m+dp/hard/libc_nano.a(libc_a-lseekr.o)
 .data          0x240004c0        0x0 /home/adin.n@acsiatech.com/.eclipse/com.st.stm32cube.ide.mcu.rcp.product_1.19.0_139068057_linux_gtk_x86_64/plugins/com.st.stm32cube.ide.mcu.externaltools.gnu-tools-for-stm32.14.3.rel1.linux64_1.0.100.202602081740/tools/bin/../lib/gcc/arm-none-eabi/14.3.1/../../../../arm-none-eabi/lib/thumb/v7e-m+dp/hard/libc_nano.a(libc_a-readr.o)
 .data          0x240004c0        0x0 /home/adin.n@acsiatech.com/.eclipse/com.st.stm32cube.ide.mcu.rcp.product_1.19.0_139068057_linux_gtk_x86_64/plugins/com.st.stm32cube.ide.mcu.externaltools.gnu-tools-for-stm32.14.3.rel1.linux64_1.0.100.202602081740/tools/bin/../lib/gcc/arm-none-eabi/14.3.1/../../../../arm-none-eabi/lib/thumb/v7e-m+dp/hard/libc_nano.a(libc_a-writer.o)
 .data          0x240004c0        0x0 /home/adin.n@acsiatech.com/.eclipse/com.st.stm32cube.ide.mcu.rcp.product_1.19.0_139068057_linux_gtk_x86_64/plugins/com.st.stm32cube.ide.mcu.externaltools.gnu-tools-for-stm32.14.3.rel1.linux64_1.0.100.202602081740/tools/bin/../lib/gcc/arm-none-eabi/14.3.1/../../../../arm-none-eabi/lib/thumb/v7e-m+dp/hard/libc_nano.a(libc_a-errno.o)
 .data          0x240004c0        0x0 /home/adin.n@acsiatech.com/.eclipse/com.st.stm32cube.ide.mcu.rcp.product_1.19.0_139068057_linux_gtk_x86_64/plugins/com.st.stm32cube.ide.mcu.externaltools.gnu-tools-for-stm32.14.3.rel1.linux64_1.0.100.202602081740/tools/bin/../lib/gcc/arm-none-eabi/14.3.1/../../../../arm-none-eabi/lib/thumb/v7e-m+dp/hard/libc_nano.a(libc_a-init.o)
 .data          0x240004c0        0x0 /home/adin.n@acsiatech.com/.eclipse/com.st.stm32cube.ide.mcu.rcp.product_1.19.0_139068057_linux_gtk_x86_64/plugins/com.st.stm32cube.ide.mcu.externaltools.gnu-tools-for-stm32.14.3.rel1.linux64_1.0.100.202602081740/tools/bin/../lib/gcc/arm-none-eabi/14.3.1/../../../../arm-none-eabi/lib/thumb/v7e-m+dp/hard/libc_nano.a(libc_a-lock.o)
 .data          0x240004c0        0x0 /home/adin.n@acsiatech.com/.eclipse/com.st.stm32cube.ide.mcu.rcp.product_1.19.0_139068057_linux_gtk_x86_64/plugins/com.st.stm32cube.ide.mcu.externaltools.gnu-tools-for-stm32.14.3.rel1.linux64_1.0.100.202602081740/tools/bin/../lib/gcc/arm-none-eabi/14.3.1/../../../../arm-none-eabi/lib/thumb/v7e-m+dp/hard/libc_nano.a(libc_a-freer.o)
 .data          0x240004c0        0x0 /home/adin.n@acsiatech.com/.eclipse/com.st.stm32cube.ide.mcu.rcp.product_1.19.0_139068057_linux_gtk_x86_64/plugins/com.st.stm32cube.ide.mcu.externaltools.gnu-tools-for-stm32.14.3.rel1.linux64_1.0.100.202602081740/tools/bin/../lib/gcc/arm-none-eabi/14.3.1/../../../../arm-none-eabi/lib/thumb/v7e-m+dp/hard/libc_nano.a(libc_a-mallocr.o)
 .data          0x240004c0        0x0 /home/adin.n@acsiatech.com/.eclipse/com.st.stm32cube.ide.mcu.rcp.product_1.19.0_139068057_linux_gtk_x86_64/plugins/com.st.stm32cube.ide.mcu.externaltools.gnu-tools-for-stm32.14.3.rel1.linux64_1.0.100.202602081740/tools/bin/../lib/gcc/arm-none-eabi/14.3.1/../../../../arm-none-eabi/lib/thumb/v7e-m+dp/hard/libc_nano.a(libc_a-mlock.o)
 .data          0x240004c0        0x0 /home/adin.n@acsiatech.com/.eclipse/com.st.stm32cube.ide.mcu.rcp.product_1.19.0_139068057_linux_gtk_x86_64/plugins/com.st.stm32cube.ide.mcu.externaltools.gnu-tools-for-stm32.14.3.rel1.linux64_1.0.100.202602081740/tools/bin/../lib/gcc/arm-none-eabi/14.3.1/../../../../arm-none-eabi/lib/thumb/v7e-m+dp/hard/libc_nano.a(libc_a-fflush.o)
 .data          0x240004c0        0x0 /home/adin.n@acsiatech.com/.eclipse/com.st.stm32cube.ide.mcu.rcp.product_1.19.0_139068057_linux_gtk_x86_64/plugins/com.st.stm32cube.ide.mcu.externaltools.gnu-tools-for-stm32.14.3.rel1.linux64_1.0.100.202602081740/tools/bin/../lib/gcc/arm-none-eabi/14.3.1/../../../../arm-none-eabi/lib/thumb/v7e-m+dp/hard/libc_nano.a(libc_a-sbrkr.o)
 .data          0x240004c0        0x0 /home/adin.n@acsiatech.com/.eclipse/com.st.stm32cube.ide.mcu.rcp.product_1.19.0_139068057_linux_gtk_x86_64/plugins/com.st.stm32cube.ide.mcu.externaltools.gnu-tools-for-stm32.14.3.rel1.linux64_1.0.100.202602081740/tools/bin/../lib/gcc/arm-none-eabi/14.3.1/thumb/v7e-m+dp/hard/crtend.o
 .data          0x240004c0        0x0 /home/adin.n@acsiatech.com/.eclipse/com.st.stm32cube.ide.mcu.rcp.product_1.19.0_139068057_linux_gtk_x86_64/plugins/com.st.stm32cube.ide.mcu.externaltools.gnu-tools-for-stm32.14.3.rel1.linux64_1.0.100.202602081740/tools/bin/../lib/gcc/arm-none-eabi/14.3.1/thumb/v7e-m+dp/hard/crtn.o
 *(.data*)
 .data.environ  0x240004c0        0x4 ./Core/Src/syscalls.o
                0x240004c0                environ
 .data.SystemCoreClock
                0x240004c4        0x4 ./Core/Src/system_stm32h7xx.o
                0x240004c4                SystemCoreClock
 .data.SystemD2Clock
                0x240004c8        0x4 ./Core/Src/system_stm32h7xx.o
                0x240004c8                SystemD2Clock
 .data.uwTickPrio
                0x240004cc        0x4 ./Drivers/STM32H7xx_HAL_Driver/Src/stm32h7xx_hal.o
                0x240004cc                uwTickPrio
 .data.uwTickFreq
                0x240004d0        0x1 ./Drivers/STM32H7xx_HAL_Driver/Src/stm32h7xx_hal.o
                0x240004d0                uwTickFreq
 *fill*         0x240004d1        0x3 
 .data.__sglue  0x240004d4        0xc /home/adin.n@acsiatech.com/.eclipse/com.st.stm32cube.ide.mcu.rcp.product_1.19.0_139068057_linux_gtk_x86_64/plugins/com.st.stm32cube.ide.mcu.externaltools.gnu-tools-for-stm32.14.3.rel1.linux64_1.0.100.202602081740/tools/bin/../lib/gcc/arm-none-eabi/14.3.1/../../../../arm-none-eabi/lib/thumb/v7e-m+dp/hard/libc_nano.a(libc_a-findfp.o)
                0x240004d4                __sglue
 .data._impure_ptr
                0x240004e0        0x4 /home/adin.n@acsiatech.com/.eclipse/com.st.stm32cube.ide.mcu.rcp.product_1.19.0_139068057_linux_gtk_x86_64/plugins/com.st.stm32cube.ide.mcu.externaltools.gnu-tools-for-stm32.14.3.rel1.linux64_1.0.100.202602081740/tools/bin/../lib/gcc/arm-none-eabi/14.3.1/../../../../arm-none-eabi/lib/thumb/v7e-m+dp/hard/libc_nano.a(libc_a-impure.o)
                0x240004e0                _impure_ptr
 .data._impure_data
                0x240004e4       0x4c /home/adin.n@acsiatech.com/.eclipse/com.st.stm32cube.ide.mcu.rcp.product_1.19.0_139068057_linux_gtk_x86_64/plugins/com.st.stm32cube.ide.mcu.externaltools.gnu-tools-for-stm32.14.3.rel1.linux64_1.0.100.202602081740/tools/bin/../lib/gcc/arm-none-eabi/14.3.1/../../../../arm-none-eabi/lib/thumb/v7e-m+dp/hard/libc_nano.a(libc_a-impure.o)
                0x240004e4                _impure_data
                0x24000530                        . = ALIGN (0x4)
                0x24000530                        _edata = .

.igot.plt       0x24000530        0x0
 .igot.plt      0x24000530        0x0 /home/adin.n@acsiatech.com/.eclipse/com.st.stm32cube.ide.mcu.rcp.product_1.19.0_139068057_linux_gtk_x86_64/plugins/com.st.stm32cube.ide.mcu.externaltools.gnu-tools-for-stm32.14.3.rel1.linux64_1.0.100.202602081740/tools/bin/../lib/gcc/arm-none-eabi/14.3.1/thumb/v7e-m+dp/hard/crtbegin.o
                0x24000530                        . = ALIGN (0x4)

.bss            0x24000530      0x1f0
                0x24000530                        _sbss = .
                0x24000530                        __bss_start__ = _sbss
 *(.bss)
 .bss           0x24000530        0x0 /home/adin.n@acsiatech.com/.eclipse/com.st.stm32cube.ide.mcu.rcp.product_1.19.0_139068057_linux_gtk_x86_64/plugins/com.st.stm32cube.ide.mcu.externaltools.gnu-tools-for-stm32.14.3.rel1.linux64_1.0.100.202602081740/tools/bin/../lib/gcc/arm-none-eabi/14.3.1/thumb/v7e-m+dp/hard/crti.o
 .bss           0x24000530       0x1c /home/adin.n@acsiatech.com/.eclipse/com.st.stm32cube.ide.mcu.rcp.product_1.19.0_139068057_linux_gtk_x86_64/plugins/com.st.stm32cube.ide.mcu.externaltools.gnu-tools-for-stm32.14.3.rel1.linux64_1.0.100.202602081740/tools/bin/../lib/gcc/arm-none-eabi/14.3.1/thumb/v7e-m+dp/hard/crtbegin.o
 .bss           0x2400054c        0x0 /home/adin.n@acsiatech.com/.eclipse/com.st.stm32cube.ide.mcu.rcp.product_1.19.0_139068057_linux_gtk_x86_64/plugins/com.st.stm32cube.ide.mcu.externaltools.gnu-tools-for-stm32.14.3.rel1.linux64_1.0.100.202602081740/tools/bin/../lib/gcc/arm-none-eabi/14.3.1/../../../../arm-none-eabi/lib/thumb/v7e-m+dp/hard/crt0.o
 .bss           0x2400054c        0x0 ./Core/Src/Dev_Inf.o
 .bss           0x2400054c        0x0 ./Core/Src/Loader_Src.o
 .bss           0x2400054c        0x0 ./Core/Src/gpio.o
 .bss           0x2400054c        0x0 ./Core/Src/main.o
 .bss           0x2400054c        0x0 ./Core/Src/octospi.o
 .bss           0x2400054c        0x0 ./Core/Src/stm32h7xx_hal_msp.o
 .bss           0x2400054c        0x0 ./Core/Src/stm32h7xx_it.o
 .bss           0x2400054c        0x0 ./Core/Src/syscalls.o
 .bss           0x2400054c        0x0 ./Core/Src/sysmem.o
 .bss           0x2400054c        0x0 ./Core/Src/system_stm32h7xx.o
 .bss           0x2400054c        0x0 ./Core/Startup/startup_stm32h7a3vitx.o
 .bss           0x2400054c        0x0 ./Drivers/STM32H7xx_HAL_Driver/Src/stm32h7xx_hal.o
 .bss           0x2400054c        0x0 ./Drivers/STM32H7xx_HAL_Driver/Src/stm32h7xx_hal_cortex.o
 .bss           0x2400054c        0x0 ./Drivers/STM32H7xx_HAL_Driver/Src/stm32h7xx_hal_dma.o
 .bss           0x2400054c        0x0 ./Drivers/STM32H7xx_HAL_Driver/Src/stm32h7xx_hal_dma_ex.o
 .bss           0x2400054c        0x0 ./Drivers/STM32H7xx_HAL_Driver/Src/stm32h7xx_hal_exti.o
 .bss           0x2400054c        0x0 ./Drivers/STM32H7xx_HAL_Driver/Src/stm32h7xx_hal_flash.o
 .bss           0x2400054c        0x0 ./Drivers/STM32H7xx_HAL_Driver/Src/stm32h7xx_hal_flash_ex.o
 .bss           0x2400054c        0x0 ./Drivers/STM32H7xx_HAL_Driver/Src/stm32h7xx_hal_gpio.o
 .bss           0x2400054c        0x0 ./Drivers/STM32H7xx_HAL_Driver/Src/stm32h7xx_hal_hsem.o
 .bss           0x2400054c        0x0 ./Drivers/STM32H7xx_HAL_Driver/Src/stm32h7xx_hal_i2c.o
 .bss           0x2400054c        0x0 ./Drivers/STM32H7xx_HAL_Driver/Src/stm32h7xx_hal_i2c_ex.o
 .bss           0x2400054c        0x0 ./Drivers/STM32H7xx_HAL_Driver/Src/stm32h7xx_hal_mdma.o
 .bss           0x2400054c        0x0 ./Drivers/STM32H7xx_HAL_Driver/Src/stm32h7xx_hal_ospi.o
 .bss           0x2400054c        0x0 ./Drivers/STM32H7xx_HAL_Driver/Src/stm32h7xx_hal_pwr.o
 .bss           0x2400054c        0x0 ./Drivers/STM32H7xx_HAL_Driver/Src/stm32h7xx_hal_pwr_ex.o
 .bss           0x2400054c        0x0 ./Drivers/STM32H7xx_HAL_Driver/Src/stm32h7xx_hal_rcc.o
 .bss           0x2400054c        0x0 ./Drivers/STM32H7xx_HAL_Driver/Src/stm32h7xx_hal_rcc_ex.o
 .bss           0x2400054c        0x0 ./Drivers/STM32H7xx_HAL_Driver/Src/stm32h7xx_hal_tim.o
 .bss           0x2400054c        0x0 ./Drivers/STM32H7xx_HAL_Driver/Src/stm32h7xx_hal_tim_ex.o
 .bss           0x2400054c        0x0 /home/adin.n@acsiatech.com/.eclipse/com.st.stm32cube.ide.mcu.rcp.product_1.19.0_139068057_linux_gtk_x86_64/plugins/com.st.stm32cube.ide.mcu.externaltools.gnu-tools-for-stm32.14.3.rel1.linux64_1.0.100.202602081740/tools/bin/../lib/gcc/arm-none-eabi/14.3.1/../../../../arm-none-eabi/lib/thumb/v7e-m+dp/hard/libc_nano.a(libc_a-exit.o)
 .bss           0x2400054c        0x0 /home/adin.n@acsiatech.com/.eclipse/com.st.stm32cube.ide.mcu.rcp.product_1.19.0_139068057_linux_gtk_x86_64/plugins/com.st.stm32cube.ide.mcu.externaltools.gnu-tools-for-stm32.14.3.rel1.linux64_1.0.100.202602081740/tools/bin/../lib/gcc/arm-none-eabi/14.3.1/../../../../arm-none-eabi/lib/thumb/v7e-m+dp/hard/libc_nano.a(libc_a-findfp.o)
 .bss           0x2400054c        0x0 /home/adin.n@acsiatech.com/.eclipse/com.st.stm32cube.ide.mcu.rcp.product_1.19.0_139068057_linux_gtk_x86_64/plugins/com.st.stm32cube.ide.mcu.externaltools.gnu-tools-for-stm32.14.3.rel1.linux64_1.0.100.202602081740/tools/bin/../lib/gcc/arm-none-eabi/14.3.1/../../../../arm-none-eabi/lib/thumb/v7e-m+dp/hard/libc_nano.a(libc_a-fwalk.o)
 .bss           0x2400054c        0x0 /home/adin.n@acsiatech.com/.eclipse/com.st.stm32cube.ide.mcu.rcp.product_1.19.0_139068057_linux_gtk_x86_64/plugins/com.st.stm32cube.ide.mcu.externaltools.gnu-tools-for-stm32.14.3.rel1.linux64_1.0.100.202602081740/tools/bin/../lib/gcc/arm-none-eabi/14.3.1/../../../../arm-none-eabi/lib/thumb/v7e-m+dp/hard/libc_nano.a(libc_a-stdio.o)
 .bss           0x2400054c        0x0 /home/adin.n@acsiatech.com/.eclipse/com.st.stm32cube.ide.mcu.rcp.product_1.19.0_139068057_linux_gtk_x86_64/plugins/com.st.stm32cube.ide.mcu.externaltools.gnu-tools-for-stm32.14.3.rel1.linux64_1.0.100.202602081740/tools/bin/../lib/gcc/arm-none-eabi/14.3.1/../../../../arm-none-eabi/lib/thumb/v7e-m+dp/hard/libc_nano.a(libc_a-memset.o)
 .bss           0x2400054c        0x0 /home/adin.n@acsiatech.com/.eclipse/com.st.stm32cube.ide.mcu.rcp.product_1.19.0_139068057_linux_gtk_x86_64/plugins/com.st.stm32cube.ide.mcu.externaltools.gnu-tools-for-stm32.14.3.rel1.linux64_1.0.100.202602081740/tools/bin/../lib/gcc/arm-none-eabi/14.3.1/../../../../arm-none-eabi/lib/thumb/v7e-m+dp/hard/libc_nano.a(libc_a-closer.o)
 .bss           0x2400054c        0x0 /home/adin.n@acsiatech.com/.eclipse/com.st.stm32cube.ide.mcu.rcp.product_1.19.0_139068057_linux_gtk_x86_64/plugins/com.st.stm32cube.ide.mcu.externaltools.gnu-tools-for-stm32.14.3.rel1.linux64_1.0.100.202602081740/tools/bin/../lib/gcc/arm-none-eabi/14.3.1/../../../../arm-none-eabi/lib/thumb/v7e-m+dp/hard/libc_nano.a(libc_a-reent.o)
 .bss           0x2400054c        0x0 /home/adin.n@acsiatech.com/.eclipse/com.st.stm32cube.ide.mcu.rcp.product_1.19.0_139068057_linux_gtk_x86_64/plugins/com.st.stm32cube.ide.mcu.externaltools.gnu-tools-for-stm32.14.3.rel1.linux64_1.0.100.202602081740/tools/bin/../lib/gcc/arm-none-eabi/14.3.1/../../../../arm-none-eabi/lib/thumb/v7e-m+dp/hard/libc_nano.a(libc_a-impure.o)
 .bss           0x2400054c        0x0 /home/adin.n@acsiatech.com/.eclipse/com.st.stm32cube.ide.mcu.rcp.product_1.19.0_139068057_linux_gtk_x86_64/plugins/com.st.stm32cube.ide.mcu.externaltools.gnu-tools-for-stm32.14.3.rel1.linux64_1.0.100.202602081740/tools/bin/../lib/gcc/arm-none-eabi/14.3.1/../../../../arm-none-eabi/lib/thumb/v7e-m+dp/hard/libc_nano.a(libc_a-lseekr.o)
 .bss           0x2400054c        0x0 /home/adin.n@acsiatech.com/.eclipse/com.st.stm32cube.ide.mcu.rcp.product_1.19.0_139068057_linux_gtk_x86_64/plugins/com.st.stm32cube.ide.mcu.externaltools.gnu-tools-for-stm32.14.3.rel1.linux64_1.0.100.202602081740/tools/bin/../lib/gcc/arm-none-eabi/14.3.1/../../../../arm-none-eabi/lib/thumb/v7e-m+dp/hard/libc_nano.a(libc_a-readr.o)
 .bss           0x2400054c        0x0 /home/adin.n@acsiatech.com/.eclipse/com.st.stm32cube.ide.mcu.rcp.product_1.19.0_139068057_linux_gtk_x86_64/plugins/com.st.stm32cube.ide.mcu.externaltools.gnu-tools-for-stm32.14.3.rel1.linux64_1.0.100.202602081740/tools/bin/../lib/gcc/arm-none-eabi/14.3.1/../../../../arm-none-eabi/lib/thumb/v7e-m+dp/hard/libc_nano.a(libc_a-writer.o)
 .bss           0x2400054c        0x0 /home/adin.n@acsiatech.com/.eclipse/com.st.stm32cube.ide.mcu.rcp.product_1.19.0_139068057_linux_gtk_x86_64/plugins/com.st.stm32cube.ide.mcu.externaltools.gnu-tools-for-stm32.14.3.rel1.linux64_1.0.100.202602081740/tools/bin/../lib/gcc/arm-none-eabi/14.3.1/../../../../arm-none-eabi/lib/thumb/v7e-m+dp/hard/libc_nano.a(libc_a-errno.o)
 .bss           0x2400054c        0x0 /home/adin.n@acsiatech.com/.eclipse/com.st.stm32cube.ide.mcu.rcp.product_1.19.0_139068057_linux_gtk_x86_64/plugins/com.st.stm32cube.ide.mcu.externaltools.gnu-tools-for-stm32.14.3.rel1.linux64_1.0.100.202602081740/tools/bin/../lib/gcc/arm-none-eabi/14.3.1/../../../../arm-none-eabi/lib/thumb/v7e-m+dp/hard/libc_nano.a(libc_a-init.o)
 .bss           0x2400054c        0x0 /home/adin.n@acsiatech.com/.eclipse/com.st.stm32cube.ide.mcu.rcp.product_1.19.0_139068057_linux_gtk_x86_64/plugins/com.st.stm32cube.ide.mcu.externaltools.gnu-tools-for-stm32.14.3.rel1.linux64_1.0.100.202602081740/tools/bin/../lib/gcc/arm-none-eabi/14.3.1/../../../../arm-none-eabi/lib/thumb/v7e-m+dp/hard/libc_nano.a(libc_a-lock.o)
 .bss           0x2400054c        0x0 /home/adin.n@acsiatech.com/.eclipse/com.st.stm32cube.ide.mcu.rcp.product_1.19.0_139068057_linux_gtk_x86_64/plugins/com.st.stm32cube.ide.mcu.externaltools.gnu-tools-for-stm32.14.3.rel1.linux64_1.0.100.202602081740/tools/bin/../lib/gcc/arm-none-eabi/14.3.1/../../../../arm-none-eabi/lib/thumb/v7e-m+dp/hard/libc_nano.a(libc_a-freer.o)
 .bss           0x2400054c        0x0 /home/adin.n@acsiatech.com/.eclipse/com.st.stm32cube.ide.mcu.rcp.product_1.19.0_139068057_linux_gtk_x86_64/plugins/com.st.stm32cube.ide.mcu.externaltools.gnu-tools-for-stm32.14.3.rel1.linux64_1.0.100.202602081740/tools/bin/../lib/gcc/arm-none-eabi/14.3.1/../../../../arm-none-eabi/lib/thumb/v7e-m+dp/hard/libc_nano.a(libc_a-mallocr.o)
 .bss           0x2400054c        0x0 /home/adin.n@acsiatech.com/.eclipse/com.st.stm32cube.ide.mcu.rcp.product_1.19.0_139068057_linux_gtk_x86_64/plugins/com.st.stm32cube.ide.mcu.externaltools.gnu-tools-for-stm32.14.3.rel1.linux64_1.0.100.202602081740/tools/bin/../lib/gcc/arm-none-eabi/14.3.1/../../../../arm-none-eabi/lib/thumb/v7e-m+dp/hard/libc_nano.a(libc_a-mlock.o)
 .bss           0x2400054c        0x0 /home/adin.n@acsiatech.com/.eclipse/com.st.stm32cube.ide.mcu.rcp.product_1.19.0_139068057_linux_gtk_x86_64/plugins/com.st.stm32cube.ide.mcu.externaltools.gnu-tools-for-stm32.14.3.rel1.linux64_1.0.100.202602081740/tools/bin/../lib/gcc/arm-none-eabi/14.3.1/../../../../arm-none-eabi/lib/thumb/v7e-m+dp/hard/libc_nano.a(libc_a-fflush.o)
 .bss           0x2400054c        0x0 /home/adin.n@acsiatech.com/.eclipse/com.st.stm32cube.ide.mcu.rcp.product_1.19.0_139068057_linux_gtk_x86_64/plugins/com.st.stm32cube.ide.mcu.externaltools.gnu-tools-for-stm32.14.3.rel1.linux64_1.0.100.202602081740/tools/bin/../lib/gcc/arm-none-eabi/14.3.1/../../../../arm-none-eabi/lib/thumb/v7e-m+dp/hard/libc_nano.a(libc_a-sbrkr.o)
 .bss           0x2400054c        0x0 /home/adin.n@acsiatech.com/.eclipse/com.st.stm32cube.ide.mcu.rcp.product_1.19.0_139068057_linux_gtk_x86_64/plugins/com.st.stm32cube.ide.mcu.externaltools.gnu-tools-for-stm32.14.3.rel1.linux64_1.0.100.202602081740/tools/bin/../lib/gcc/arm-none-eabi/14.3.1/thumb/v7e-m+dp/hard/crtend.o
 .bss           0x2400054c        0x0 /home/adin.n@acsiatech.com/.eclipse/com.st.stm32cube.ide.mcu.rcp.product_1.19.0_139068057_linux_gtk_x86_64/plugins/com.st.stm32cube.ide.mcu.externaltools.gnu-tools-for-stm32.14.3.rel1.linux64_1.0.100.202602081740/tools/bin/../lib/gcc/arm-none-eabi/14.3.1/thumb/v7e-m+dp/hard/crtn.o
 *(.bss*)
 .bss.hqspi     0x2400054c       0x5c ./Core/Src/octospi.o
                0x2400054c                hqspi
 .bss.__env     0x240005a8        0x4 ./Core/Src/syscalls.o
                0x240005a8                __env
 .bss.__sbrk_heap_end
                0x240005ac        0x4 ./Core/Src/sysmem.o
 .bss.uwTick    0x240005b0        0x4 ./Drivers/STM32H7xx_HAL_Driver/Src/stm32h7xx_hal.o
                0x240005b0                uwTick
 .bss.pFlash    0x240005b4       0x1c ./Drivers/STM32H7xx_HAL_Driver/Src/stm32h7xx_hal_flash.o
                0x240005b4                pFlash
 .bss.__sf      0x240005d0      0x138 /home/adin.n@acsiatech.com/.eclipse/com.st.stm32cube.ide.mcu.rcp.product_1.19.0_139068057_linux_gtk_x86_64/plugins/com.st.stm32cube.ide.mcu.externaltools.gnu-tools-for-stm32.14.3.rel1.linux64_1.0.100.202602081740/tools/bin/../lib/gcc/arm-none-eabi/14.3.1/../../../../arm-none-eabi/lib/thumb/v7e-m+dp/hard/libc_nano.a(libc_a-findfp.o)
                0x240005d0                __sf
 .bss.__stdio_exit_handler
                0x24000708        0x4 /home/adin.n@acsiatech.com/.eclipse/com.st.stm32cube.ide.mcu.rcp.product_1.19.0_139068057_linux_gtk_x86_64/plugins/com.st.stm32cube.ide.mcu.externaltools.gnu-tools-for-stm32.14.3.rel1.linux64_1.0.100.202602081740/tools/bin/../lib/gcc/arm-none-eabi/14.3.1/../../../../arm-none-eabi/lib/thumb/v7e-m+dp/hard/libc_nano.a(libc_a-findfp.o)
                0x24000708                __stdio_exit_handler
 .bss.errno     0x2400070c        0x4 /home/adin.n@acsiatech.com/.eclipse/com.st.stm32cube.ide.mcu.rcp.product_1.19.0_139068057_linux_gtk_x86_64/plugins/com.st.stm32cube.ide.mcu.externaltools.gnu-tools-for-stm32.14.3.rel1.linux64_1.0.100.202602081740/tools/bin/../lib/gcc/arm-none-eabi/14.3.1/../../../../arm-none-eabi/lib/thumb/v7e-m+dp/hard/libc_nano.a(libc_a-reent.o)
                0x2400070c                errno
 .bss.__lock___arc4random_mutex
                0x24000710        0x1 /home/adin.n@acsiatech.com/.eclipse/com.st.stm32cube.ide.mcu.rcp.product_1.19.0_139068057_linux_gtk_x86_64/plugins/com.st.stm32cube.ide.mcu.externaltools.gnu-tools-for-stm32.14.3.rel1.linux64_1.0.100.202602081740/tools/bin/../lib/gcc/arm-none-eabi/14.3.1/../../../../arm-none-eabi/lib/thumb/v7e-m+dp/hard/libc_nano.a(libc_a-lock.o)
                0x24000710                __lock___arc4random_mutex
 .bss.__lock___dd_hash_mutex
                0x24000711        0x1 /home/adin.n@acsiatech.com/.eclipse/com.st.stm32cube.ide.mcu.rcp.product_1.19.0_139068057_linux_gtk_x86_64/plugins/com.st.stm32cube.ide.mcu.externaltools.gnu-tools-for-stm32.14.3.rel1.linux64_1.0.100.202602081740/tools/bin/../lib/gcc/arm-none-eabi/14.3.1/../../../../arm-none-eabi/lib/thumb/v7e-m+dp/hard/libc_nano.a(libc_a-lock.o)
                0x24000711                __lock___dd_hash_mutex
 .bss.__lock___tz_mutex
                0x24000712        0x1 /home/adin.n@acsiatech.com/.eclipse/com.st.stm32cube.ide.mcu.rcp.product_1.19.0_139068057_linux_gtk_x86_64/plugins/com.st.stm32cube.ide.mcu.externaltools.gnu-tools-for-stm32.14.3.rel1.linux64_1.0.100.202602081740/tools/bin/../lib/gcc/arm-none-eabi/14.3.1/../../../../arm-none-eabi/lib/thumb/v7e-m+dp/hard/libc_nano.a(libc_a-lock.o)
                0x24000712                __lock___tz_mutex
 .bss.__lock___env_recursive_mutex
                0x24000713        0x1 /home/adin.n@acsiatech.com/.eclipse/com.st.stm32cube.ide.mcu.rcp.product_1.19.0_139068057_linux_gtk_x86_64/plugins/com.st.stm32cube.ide.mcu.externaltools.gnu-tools-for-stm32.14.3.rel1.linux64_1.0.100.202602081740/tools/bin/../lib/gcc/arm-none-eabi/14.3.1/../../../../arm-none-eabi/lib/thumb/v7e-m+dp/hard/libc_nano.a(libc_a-lock.o)
                0x24000713                __lock___env_recursive_mutex
 .bss.__lock___malloc_recursive_mutex
                0x24000714        0x1 /home/adin.n@acsiatech.com/.eclipse/com.st.stm32cube.ide.mcu.rcp.product_1.19.0_139068057_linux_gtk_x86_64/plugins/com.st.stm32cube.ide.mcu.externaltools.gnu-tools-for-stm32.14.3.rel1.linux64_1.0.100.202602081740/tools/bin/../lib/gcc/arm-none-eabi/14.3.1/../../../../arm-none-eabi/lib/thumb/v7e-m+dp/hard/libc_nano.a(libc_a-lock.o)
                0x24000714                __lock___malloc_recursive_mutex
 .bss.__lock___at_quick_exit_mutex
                0x24000715        0x1 /home/adin.n@acsiatech.com/.eclipse/com.st.stm32cube.ide.mcu.rcp.product_1.19.0_139068057_linux_gtk_x86_64/plugins/com.st.stm32cube.ide.mcu.externaltools.gnu-tools-for-stm32.14.3.rel1.linux64_1.0.100.202602081740/tools/bin/../lib/gcc/arm-none-eabi/14.3.1/../../../../arm-none-eabi/lib/thumb/v7e-m+dp/hard/libc_nano.a(libc_a-lock.o)
                0x24000715                __lock___at_quick_exit_mutex
 .bss.__lock___atexit_recursive_mutex
                0x24000716        0x1 /home/adin.n@acsiatech.com/.eclipse/com.st.stm32cube.ide.mcu.rcp.product_1.19.0_139068057_linux_gtk_x86_64/plugins/com.st.stm32cube.ide.mcu.externaltools.gnu-tools-for-stm32.14.3.rel1.linux64_1.0.100.202602081740/tools/bin/../lib/gcc/arm-none-eabi/14.3.1/../../../../arm-none-eabi/lib/thumb/v7e-m+dp/hard/libc_nano.a(libc_a-lock.o)
                0x24000716                __lock___atexit_recursive_mutex
 .bss.__lock___sfp_recursive_mutex
                0x24000717        0x1 /home/adin.n@acsiatech.com/.eclipse/com.st.stm32cube.ide.mcu.rcp.product_1.19.0_139068057_linux_gtk_x86_64/plugins/com.st.stm32cube.ide.mcu.externaltools.gnu-tools-for-stm32.14.3.rel1.linux64_1.0.100.202602081740/tools/bin/../lib/gcc/arm-none-eabi/14.3.1/../../../../arm-none-eabi/lib/thumb/v7e-m+dp/hard/libc_nano.a(libc_a-lock.o)
                0x24000717                __lock___sfp_recursive_mutex
 .bss.__malloc_sbrk_start
                0x24000718        0x4 /home/adin.n@acsiatech.com/.eclipse/com.st.stm32cube.ide.mcu.rcp.product_1.19.0_139068057_linux_gtk_x86_64/plugins/com.st.stm32cube.ide.mcu.externaltools.gnu-tools-for-stm32.14.3.rel1.linux64_1.0.100.202602081740/tools/bin/../lib/gcc/arm-none-eabi/14.3.1/../../../../arm-none-eabi/lib/thumb/v7e-m+dp/hard/libc_nano.a(libc_a-mallocr.o)
                0x24000718                __malloc_sbrk_start
 .bss.__malloc_free_list
                0x2400071c        0x4 /home/adin.n@acsiatech.com/.eclipse/com.st.stm32cube.ide.mcu.rcp.product_1.19.0_139068057_linux_gtk_x86_64/plugins/com.st.stm32cube.ide.mcu.externaltools.gnu-tools-for-stm32.14.3.rel1.linux64_1.0.100.202602081740/tools/bin/../lib/gcc/arm-none-eabi/14.3.1/../../../../arm-none-eabi/lib/thumb/v7e-m+dp/hard/libc_nano.a(libc_a-mallocr.o)
                0x2400071c                __malloc_free_list
 *(COMMON)
                0x24000720                        . = ALIGN (0x4)
                0x24000720                        _ebss = .
                0x24000720                        __bss_end__ = _ebss

.text           0x24000720    0x199fc
                0x24000720                        . = ALIGN (0x4)
 *(.text)
 .text          0x24000720        0x0 /home/adin.n@acsiatech.com/.eclipse/com.st.stm32cube.ide.mcu.rcp.product_1.19.0_139068057_linux_gtk_x86_64/plugins/com.st.stm32cube.ide.mcu.externaltools.gnu-tools-for-stm32.14.3.rel1.linux64_1.0.100.202602081740/tools/bin/../lib/gcc/arm-none-eabi/14.3.1/thumb/v7e-m+dp/hard/crti.o
 .text          0x24000720       0x40 /home/adin.n@acsiatech.com/.eclipse/com.st.stm32cube.ide.mcu.rcp.product_1.19.0_139068057_linux_gtk_x86_64/plugins/com.st.stm32cube.ide.mcu.externaltools.gnu-tools-for-stm32.14.3.rel1.linux64_1.0.100.202602081740/tools/bin/../lib/gcc/arm-none-eabi/14.3.1/thumb/v7e-m+dp/hard/crtbegin.o
 .text          0x24000760       0x7c /home/adin.n@acsiatech.com/.eclipse/com.st.stm32cube.ide.mcu.rcp.product_1.19.0_139068057_linux_gtk_x86_64/plugins/com.st.stm32cube.ide.mcu.externaltools.gnu-tools-for-stm32.14.3.rel1.linux64_1.0.100.202602081740/tools/bin/../lib/gcc/arm-none-eabi/14.3.1/../../../../arm-none-eabi/lib/thumb/v7e-m+dp/hard/crt0.o
                0x24000760                _stack_init
                0x24000768                _mainCRTStartup
                0x24000768                _start
 .text          0x240007dc        0x0 ./Core/Src/Dev_Inf.o
 .text          0x240007dc        0x0 ./Core/Src/Loader_Src.o
 .text          0x240007dc        0x0 ./Core/Src/gpio.o
 .text          0x240007dc        0x0 ./Core/Src/main.o
 .text          0x240007dc        0x0 ./Core/Src/octospi.o
 .text          0x240007dc        0x0 ./Core/Src/stm32h7xx_hal_msp.o
 .text          0x240007dc        0x0 ./Core/Src/stm32h7xx_it.o
 .text          0x240007dc        0x0 ./Core/Src/syscalls.o
 .text          0x240007dc        0x0 ./Core/Src/sysmem.o
 .text          0x240007dc        0x0 ./Core/Src/system_stm32h7xx.o
 .text          0x240007dc       0x14 ./Core/Startup/startup_stm32h7a3vitx.o
 .text          0x240007f0        0x0 ./Drivers/STM32H7xx_HAL_Driver/Src/stm32h7xx_hal.o
 .text          0x240007f0        0x0 ./Drivers/STM32H7xx_HAL_Driver/Src/stm32h7xx_hal_cortex.o
 .text          0x240007f0        0x0 ./Drivers/STM32H7xx_HAL_Driver/Src/stm32h7xx_hal_dma.o
 .text          0x240007f0        0x0 ./Drivers/STM32H7xx_HAL_Driver/Src/stm32h7xx_hal_dma_ex.o
 .text          0x240007f0        0x0 ./Drivers/STM32H7xx_HAL_Driver/Src/stm32h7xx_hal_exti.o
 .text          0x240007f0        0x0 ./Drivers/STM32H7xx_HAL_Driver/Src/stm32h7xx_hal_flash.o
 .text          0x240007f0        0x0 ./Drivers/STM32H7xx_HAL_Driver/Src/stm32h7xx_hal_flash_ex.o
 .text          0x240007f0        0x0 ./Drivers/STM32H7xx_HAL_Driver/Src/stm32h7xx_hal_gpio.o
 .text          0x240007f0        0x0 ./Drivers/STM32H7xx_HAL_Driver/Src/stm32h7xx_hal_hsem.o
 .text          0x240007f0        0x0 ./Drivers/STM32H7xx_HAL_Driver/Src/stm32h7xx_hal_i2c.o
 .text          0x240007f0        0x0 ./Drivers/STM32H7xx_HAL_Driver/Src/stm32h7xx_hal_i2c_ex.o
 .text          0x240007f0        0x0 ./Drivers/STM32H7xx_HAL_Driver/Src/stm32h7xx_hal_mdma.o
 .text          0x240007f0        0x0 ./Drivers/STM32H7xx_HAL_Driver/Src/stm32h7xx_hal_ospi.o
 .text          0x240007f0        0x0 ./Drivers/STM32H7xx_HAL_Driver/Src/stm32h7xx_hal_pwr.o
 .text          0x240007f0        0x0 ./Drivers/STM32H7xx_HAL_Driver/Src/stm32h7xx_hal_pwr_ex.o
 .text          0x240007f0        0x0 ./Drivers/STM32H7xx_HAL_Driver/Src/stm32h7xx_hal_rcc.o
 .text          0x240007f0        0x0 ./Drivers/STM32H7xx_HAL_Driver/Src/stm32h7xx_hal_rcc_ex.o
 .text          0x240007f0        0x0 ./Drivers/STM32H7xx_HAL_Driver/Src/stm32h7xx_hal_tim.o
 .text          0x240007f0        0x0 ./Drivers/STM32H7xx_HAL_Driver/Src/stm32h7xx_hal_tim_ex.o
 .text          0x240007f0        0x0 /home/adin.n@acsiatech.com/.eclipse/com.st.stm32cube.ide.mcu.rcp.product_1.19.0_139068057_linux_gtk_x86_64/plugins/com.st.stm32cube.ide.mcu.externaltools.gnu-tools-for-stm32.14.3.rel1.linux64_1.0.100.202602081740/tools/bin/../lib/gcc/arm-none-eabi/14.3.1/../../../../arm-none-eabi/lib/thumb/v7e-m+dp/hard/libc_nano.a(libc_a-exit.o)
 .text          0x240007f0        0x0 /home/adin.n@acsiatech.com/.eclipse/com.st.stm32cube.ide.mcu.rcp.product_1.19.0_139068057_linux_gtk_x86_64/plugins/com.st.stm32cube.ide.mcu.externaltools.gnu-tools-for-stm32.14.3.rel1.linux64_1.0.100.202602081740/tools/bin/../lib/gcc/arm-none-eabi/14.3.1/../../../../arm-none-eabi/lib/thumb/v7e-m+dp/hard/libc_nano.a(libc_a-findfp.o)
 .text          0x240007f0        0x0 /home/adin.n@acsiatech.com/.eclipse/com.st.stm32cube.ide.mcu.rcp.product_1.19.0_139068057_linux_gtk_x86_64/plugins/com.st.stm32cube.ide.mcu.externaltools.gnu-tools-for-stm32.14.3.rel1.linux64_1.0.100.202602081740/tools/bin/../lib/gcc/arm-none-eabi/14.3.1/../../../../arm-none-eabi/lib/thumb/v7e-m+dp/hard/libc_nano.a(libc_a-fwalk.o)
 .text          0x240007f0        0x0 /home/adin.n@acsiatech.com/.eclipse/com.st.stm32cube.ide.mcu.rcp.product_1.19.0_139068057_linux_gtk_x86_64/plugins/com.st.stm32cube.ide.mcu.externaltools.gnu-tools-for-stm32.14.3.rel1.linux64_1.0.100.202602081740/tools/bin/../lib/gcc/arm-none-eabi/14.3.1/../../../../arm-none-eabi/lib/thumb/v7e-m+dp/hard/libc_nano.a(libc_a-stdio.o)
 .text          0x240007f0        0x0 /home/adin.n@acsiatech.com/.eclipse/com.st.stm32cube.ide.mcu.rcp.product_1.19.0_139068057_linux_gtk_x86_64/plugins/com.st.stm32cube.ide.mcu.externaltools.gnu-tools-for-stm32.14.3.rel1.linux64_1.0.100.202602081740/tools/bin/../lib/gcc/arm-none-eabi/14.3.1/../../../../arm-none-eabi/lib/thumb/v7e-m+dp/hard/libc_nano.a(libc_a-memset.o)
 .text          0x240007f0        0x0 /home/adin.n@acsiatech.com/.eclipse/com.st.stm32cube.ide.mcu.rcp.product_1.19.0_139068057_linux_gtk_x86_64/plugins/com.st.stm32cube.ide.mcu.externaltools.gnu-tools-for-stm32.14.3.rel1.linux64_1.0.100.202602081740/tools/bin/../lib/gcc/arm-none-eabi/14.3.1/../../../../arm-none-eabi/lib/thumb/v7e-m+dp/hard/libc_nano.a(libc_a-closer.o)
 .text          0x240007f0        0x0 /home/adin.n@acsiatech.com/.eclipse/com.st.stm32cube.ide.mcu.rcp.product_1.19.0_139068057_linux_gtk_x86_64/plugins/com.st.stm32cube.ide.mcu.externaltools.gnu-tools-for-stm32.14.3.rel1.linux64_1.0.100.202602081740/tools/bin/../lib/gcc/arm-none-eabi/14.3.1/../../../../arm-none-eabi/lib/thumb/v7e-m+dp/hard/libc_nano.a(libc_a-reent.o)
 .text          0x240007f0        0x0 /home/adin.n@acsiatech.com/.eclipse/com.st.stm32cube.ide.mcu.rcp.product_1.19.0_139068057_linux_gtk_x86_64/plugins/com.st.stm32cube.ide.mcu.externaltools.gnu-tools-for-stm32.14.3.rel1.linux64_1.0.100.202602081740/tools/bin/../lib/gcc/arm-none-eabi/14.3.1/../../../../arm-none-eabi/lib/thumb/v7e-m+dp/hard/libc_nano.a(libc_a-impure.o)
 .text          0x240007f0        0x0 /home/adin.n@acsiatech.com/.eclipse/com.st.stm32cube.ide.mcu.rcp.product_1.19.0_139068057_linux_gtk_x86_64/plugins/com.st.stm32cube.ide.mcu.externaltools.gnu-tools-for-stm32.14.3.rel1.linux64_1.0.100.202602081740/tools/bin/../lib/gcc/arm-none-eabi/14.3.1/../../../../arm-none-eabi/lib/thumb/v7e-m+dp/hard/libc_nano.a(libc_a-lseekr.o)
 .text          0x240007f0        0x0 /home/adin.n@acsiatech.com/.eclipse/com.st.stm32cube.ide.mcu.rcp.product_1.19.0_139068057_linux_gtk_x86_64/plugins/com.st.stm32cube.ide.mcu.externaltools.gnu-tools-for-stm32.14.3.rel1.linux64_1.0.100.202602081740/tools/bin/../lib/gcc/arm-none-eabi/14.3.1/../../../../arm-none-eabi/lib/thumb/v7e-m+dp/hard/libc_nano.a(libc_a-readr.o)
 .text          0x240007f0        0x0 /home/adin.n@acsiatech.com/.eclipse/com.st.stm32cube.ide.mcu.rcp.product_1.19.0_139068057_linux_gtk_x86_64/plugins/com.st.stm32cube.ide.mcu.externaltools.gnu-tools-for-stm32.14.3.rel1.linux64_1.0.100.202602081740/tools/bin/../lib/gcc/arm-none-eabi/14.3.1/../../../../arm-none-eabi/lib/thumb/v7e-m+dp/hard/libc_nano.a(libc_a-writer.o)
 .text          0x240007f0        0x0 /home/adin.n@acsiatech.com/.eclipse/com.st.stm32cube.ide.mcu.rcp.product_1.19.0_139068057_linux_gtk_x86_64/plugins/com.st.stm32cube.ide.mcu.externaltools.gnu-tools-for-stm32.14.3.rel1.linux64_1.0.100.202602081740/tools/bin/../lib/gcc/arm-none-eabi/14.3.1/../../../../arm-none-eabi/lib/thumb/v7e-m+dp/hard/libc_nano.a(libc_a-errno.o)
 .text          0x240007f0        0x0 /home/adin.n@acsiatech.com/.eclipse/com.st.stm32cube.ide.mcu.rcp.product_1.19.0_139068057_linux_gtk_x86_64/plugins/com.st.stm32cube.ide.mcu.externaltools.gnu-tools-for-stm32.14.3.rel1.linux64_1.0.100.202602081740/tools/bin/../lib/gcc/arm-none-eabi/14.3.1/../../../../arm-none-eabi/lib/thumb/v7e-m+dp/hard/libc_nano.a(libc_a-init.o)
 .text          0x240007f0        0x0 /home/adin.n@acsiatech.com/.eclipse/com.st.stm32cube.ide.mcu.rcp.product_1.19.0_139068057_linux_gtk_x86_64/plugins/com.st.stm32cube.ide.mcu.externaltools.gnu-tools-for-stm32.14.3.rel1.linux64_1.0.100.202602081740/tools/bin/../lib/gcc/arm-none-eabi/14.3.1/../../../../arm-none-eabi/lib/thumb/v7e-m+dp/hard/libc_nano.a(libc_a-lock.o)
 .text          0x240007f0        0x0 /home/adin.n@acsiatech.com/.eclipse/com.st.stm32cube.ide.mcu.rcp.product_1.19.0_139068057_linux_gtk_x86_64/plugins/com.st.stm32cube.ide.mcu.externaltools.gnu-tools-for-stm32.14.3.rel1.linux64_1.0.100.202602081740/tools/bin/../lib/gcc/arm-none-eabi/14.3.1/../../../../arm-none-eabi/lib/thumb/v7e-m+dp/hard/libc_nano.a(libc_a-freer.o)
 .text          0x240007f0        0x0 /home/adin.n@acsiatech.com/.eclipse/com.st.stm32cube.ide.mcu.rcp.product_1.19.0_139068057_linux_gtk_x86_64/plugins/com.st.stm32cube.ide.mcu.externaltools.gnu-tools-for-stm32.14.3.rel1.linux64_1.0.100.202602081740/tools/bin/../lib/gcc/arm-none-eabi/14.3.1/../../../../arm-none-eabi/lib/thumb/v7e-m+dp/hard/libc_nano.a(libc_a-mallocr.o)
 .text          0x240007f0        0x0 /home/adin.n@acsiatech.com/.eclipse/com.st.stm32cube.ide.mcu.rcp.product_1.19.0_139068057_linux_gtk_x86_64/plugins/com.st.stm32cube.ide.mcu.externaltools.gnu-tools-for-stm32.14.3.rel1.linux64_1.0.100.202602081740/tools/bin/../lib/gcc/arm-none-eabi/14.3.1/../../../../arm-none-eabi/lib/thumb/v7e-m+dp/hard/libc_nano.a(libc_a-mlock.o)
 .text          0x240007f0        0x0 /home/adin.n@acsiatech.com/.eclipse/com.st.stm32cube.ide.mcu.rcp.product_1.19.0_139068057_linux_gtk_x86_64/plugins/com.st.stm32cube.ide.mcu.externaltools.gnu-tools-for-stm32.14.3.rel1.linux64_1.0.100.202602081740/tools/bin/../lib/gcc/arm-none-eabi/14.3.1/../../../../arm-none-eabi/lib/thumb/v7e-m+dp/hard/libc_nano.a(libc_a-fflush.o)
 .text          0x240007f0        0x0 /home/adin.n@acsiatech.com/.eclipse/com.st.stm32cube.ide.mcu.rcp.product_1.19.0_139068057_linux_gtk_x86_64/plugins/com.st.stm32cube.ide.mcu.externaltools.gnu-tools-for-stm32.14.3.rel1.linux64_1.0.100.202602081740/tools/bin/../lib/gcc/arm-none-eabi/14.3.1/../../../../arm-none-eabi/lib/thumb/v7e-m+dp/hard/libc_nano.a(libc_a-sbrkr.o)
 .text          0x240007f0        0x0 /home/adin.n@acsiatech.com/.eclipse/com.st.stm32cube.ide.mcu.rcp.product_1.19.0_139068057_linux_gtk_x86_64/plugins/com.st.stm32cube.ide.mcu.externaltools.gnu-tools-for-stm32.14.3.rel1.linux64_1.0.100.202602081740/tools/bin/../lib/gcc/arm-none-eabi/14.3.1/thumb/v7e-m+dp/hard/crtend.o
 .text          0x240007f0        0x0 /home/adin.n@acsiatech.com/.eclipse/com.st.stm32cube.ide.mcu.rcp.product_1.19.0_139068057_linux_gtk_x86_64/plugins/com.st.stm32cube.ide.mcu.externaltools.gnu-tools-for-stm32.14.3.rel1.linux64_1.0.100.202602081740/tools/bin/../lib/gcc/arm-none-eabi/14.3.1/thumb/v7e-m+dp/hard/crtn.o
 *(.text*)
 .text.Init     0x240007f0       0x80 ./Core/Src/Loader_Src.o
                0x240007f0                Init
 .text.Write    0x24000870       0x54 ./Core/Src/Loader_Src.o
                0x24000870                Write
 .text.SectorErase
                0x240008c4       0x5c ./Core/Src/Loader_Src.o
                0x240008c4                SectorErase
 .text.MassErase
                0x24000920       0x40 ./Core/Src/Loader_Src.o
                0x24000920                MassErase
 .text.CheckSum
                0x24000960      0x1c6 ./Core/Src/Loader_Src.o
                0x24000960                CheckSum
 *fill*         0x24000b26        0x2 
 .text.Verify   0x24000b28       0xf4 ./Core/Src/Loader_Src.o
                0x24000b28                Verify
 .text.MX_GPIO_Init
                0x24000c1c       0xf8 ./Core/Src/gpio.o
                0x24000c1c                MX_GPIO_Init
 .text.main     0x24000d14       0x18 ./Core/Src/main.o
                0x24000d14                main
 .text.SystemClock_Config
                0x24000d2c       0xf0 ./Core/Src/main.o
                0x24000d2c                SystemClock_Config
 .text.MPU_Config
                0x24000e1c       0x58 ./Core/Src/main.o
 .text.Error_Handler
                0x24000e74       0x18 ./Core/Src/main.o
                0x24000e74                Error_Handler
 .text.MX_OCTOSPI1_Init
                0x24000e8c       0xc0 ./Core/Src/octospi.o
                0x24000e8c                MX_OCTOSPI1_Init
 .text.HAL_OSPI_MspInit
                0x24000f4c      0x200 ./Core/Src/octospi.o
                0x24000f4c                HAL_OSPI_MspInit
 .text.HAL_OSPI_MspDeInit
                0x2400114c       0x74 ./Core/Src/octospi.o
                0x2400114c                HAL_OSPI_MspDeInit
 .text.W25Q128_OCTO_SPI_Init
                0x240011c0       0x6c ./Core/Src/octospi.o
                0x240011c0                W25Q128_OCTO_SPI_Init
 .text.W25Q128_OSPI_ResetChip
                0x2400122c       0xf8 ./Core/Src/octospi.o
                0x2400122c                W25Q128_OSPI_ResetChip
 .text.W25Q128_OSPI_Configuration
                0x24001324       0xc8 ./Core/Src/octospi.o
                0x24001324                W25Q128_OSPI_Configuration
 .text.W25Q128_OSPI_WriteEnable
                0x240013ec      0x11c ./Core/Src/octospi.o
                0x240013ec                W25Q128_OSPI_WriteEnable
 .text.W25Q128_OSPI_AutoPollingMemReady
                0x24001508       0xb0 ./Core/Src/octospi.o
                0x24001508                W25Q128_OSPI_AutoPollingMemReady
 .text.W25Q128_OSPI_Erase_Chip
                0x240015b8       0xbe ./Core/Src/octospi.o
                0x240015b8                W25Q128_OSPI_Erase_Chip
 *fill*         0x24001676        0x2 
 .text.W25Q128_OSPI_EraseSector
                0x24001678       0xd8 ./Core/Src/octospi.o
                0x24001678                W25Q128_OSPI_EraseSector
 .text.W25Q128_OSPI_Write
                0x24001750      0x154 ./Core/Src/octospi.o
                0x24001750                W25Q128_OSPI_Write
 .text.W25Q128_OSPI_Read
                0x240018a4       0xac ./Core/Src/octospi.o
                0x240018a4                W25Q128_OSPI_Read
 .text.W25Q128_OSPI_EnableMemoryMappedMode
                0x24001950      0x124 ./Core/Src/octospi.o
                0x24001950                W25Q128_OSPI_EnableMemoryMappedMode
 .text.W25Q128_IsBusy
                0x24001a74       0x46 ./Core/Src/octospi.o
                0x24001a74                W25Q128_IsBusy
 .text.W25Q128_Read_Status_Registers
                0x24001aba       0xd2 ./Core/Src/octospi.o
                0x24001aba                W25Q128_Read_Status_Registers
 .text.W25Q128_Write_Status_Registers
                0x24001b8c      0x148 ./Core/Src/octospi.o
                0x24001b8c                W25Q128_Write_Status_Registers
 .text.HAL_MspInit
                0x24001cd4       0x34 ./Core/Src/stm32h7xx_hal_msp.o
                0x24001cd4                HAL_MspInit
 .text.NMI_Handler
                0x24001d08        0x8 ./Core/Src/stm32h7xx_it.o
                0x24001d08                NMI_Handler
 .text.HardFault_Handler
                0x24001d10        0x8 ./Core/Src/stm32h7xx_it.o
                0x24001d10                HardFault_Handler
 .text.MemManage_Handler
                0x24001d18        0x8 ./Core/Src/stm32h7xx_it.o
                0x24001d18                MemManage_Handler
 .text.BusFault_Handler
                0x24001d20        0x8 ./Core/Src/stm32h7xx_it.o
                0x24001d20                BusFault_Handler
 .text.UsageFault_Handler
                0x24001d28        0x8 ./Core/Src/stm32h7xx_it.o
                0x24001d28                UsageFault_Handler
 .text.SVC_Handler
                0x24001d30        0xe ./Core/Src/stm32h7xx_it.o
                0x24001d30                SVC_Handler
 .text.DebugMon_Handler
                0x24001d3e        0xe ./Core/Src/stm32h7xx_it.o
                0x24001d3e                DebugMon_Handler
 .text.PendSV_Handler
                0x24001d4c        0xe ./Core/Src/stm32h7xx_it.o
                0x24001d4c                PendSV_Handler
 .text.SysTick_Handler
                0x24001d5a        0xc ./Core/Src/stm32h7xx_it.o
                0x24001d5a                SysTick_Handler
 .text.initialise_monitor_handles
                0x24001d66        0xe ./Core/Src/syscalls.o
                0x24001d66                initialise_monitor_handles
 .text._getpid  0x24001d74       0x10 ./Core/Src/syscalls.o
                0x24001d74                _getpid
 .text._kill    0x24001d84       0x20 ./Core/Src/syscalls.o
                0x24001d84                _kill
 .text._exit    0x24001da4       0x16 ./Core/Src/syscalls.o
                0x24001da4                _exit
 .text._read    0x24001dba       0x3a ./Core/Src/syscalls.o
                0x24001dba                _read
 .text._write   0x24001df4       0x38 ./Core/Src/syscalls.o
                0x24001df4                _write
 .text._close   0x24001e2c       0x18 ./Core/Src/syscalls.o
                0x24001e2c                _close
 .text._fstat   0x24001e44       0x20 ./Core/Src/syscalls.o
                0x24001e44                _fstat
 .text._isatty  0x24001e64       0x16 ./Core/Src/syscalls.o
                0x24001e64                _isatty
 .text._lseek   0x24001e7a       0x1a ./Core/Src/syscalls.o
                0x24001e7a                _lseek
 .text._open    0x24001e94       0x1c ./Core/Src/syscalls.o
                0x24001e94                _open
 .text._wait    0x24001eb0       0x1e ./Core/Src/syscalls.o
                0x24001eb0                _wait
 .text._unlink  0x24001ece       0x1e ./Core/Src/syscalls.o
                0x24001ece                _unlink
 .text._times   0x24001eec       0x18 ./Core/Src/syscalls.o
                0x24001eec                _times
 .text._stat    0x24001f04       0x20 ./Core/Src/syscalls.o
                0x24001f04                _stat
 .text._link    0x24001f24       0x20 ./Core/Src/syscalls.o
                0x24001f24                _link
 .text._fork    0x24001f44       0x16 ./Core/Src/syscalls.o
                0x24001f44                _fork
 .text._execve  0x24001f5a       0x22 ./Core/Src/syscalls.o
                0x24001f5a                _execve
 .text._sbrk    0x24001f7c       0x6c ./Core/Src/sysmem.o
                0x24001f7c                _sbrk
 .text.SystemInit
                0x24001fe8      0x120 ./Core/Src/system_stm32h7xx.o
                0x24001fe8                SystemInit
 .text.SystemCoreClockUpdate
                0x24002108      0x2f4 ./Core/Src/system_stm32h7xx.o
                0x24002108                SystemCoreClockUpdate
 .text.ExitRun0Mode
                0x240023fc       0x30 ./Core/Src/system_stm32h7xx.o
                0x240023fc                ExitRun0Mode
 .text.Reset_Handler
                0x2400242c       0x54 ./Core/Startup/startup_stm32h7a3vitx.o
                0x2400242c                Reset_Handler
 .text.Default_Handler
                0x24002480        0x2 ./Core/Startup/startup_stm32h7a3vitx.o
                0x24002480                RTC_Alarm_IRQHandler
                0x24002480                EXTI2_IRQHandler
                0x24002480                TIM8_CC_IRQHandler
                0x24002480                UART8_IRQHandler
                0x24002480                BDMA2_Channel1_IRQHandler
                0x24002480                SPI4_IRQHandler
                0x24002480                BDMA2_Channel0_IRQHandler
                0x24002480                TIM1_CC_IRQHandler
                0x24002480                DMA2_Stream5_IRQHandler
                0x24002480                JPEG_IRQHandler
                0x24002480                DMA1_Stream5_IRQHandler
                0x24002480                EXTI3_IRQHandler
                0x24002480                LPTIM4_IRQHandler
                0x24002480                TIM8_TRG_COM_TIM14_IRQHandler
                0x24002480                LPTIM2_IRQHandler
                0x24002480                DFSDM1_FLT1_IRQHandler
                0x24002480                DMAMUX2_OVR_IRQHandler
                0x24002480                GFXMMU_IRQHandler
                0x24002480                TIM8_UP_TIM13_IRQHandler
                0x24002480                I2C3_ER_IRQHandler
                0x24002480                DFSDM1_FLT2_IRQHandler
                0x24002480                USART10_IRQHandler
                0x24002480                MDMA_IRQHandler
                0x24002480                LPTIM3_IRQHandler
                0x24002480                BDMA2_Channel3_IRQHandler
                0x24002480                HSEM1_IRQHandler
                0x24002480                EXTI0_IRQHandler
                0x24002480                I2C2_EV_IRQHandler
                0x24002480                DAC2_IRQHandler
                0x24002480                DMA1_Stream2_IRQHandler
                0x24002480                FPU_IRQHandler
                0x24002480                OTG_HS_WKUP_IRQHandler
                0x24002480                FDCAN1_IT1_IRQHandler
                0x24002480                LTDC_ER_IRQHandler
                0x24002480                DMA2_Stream2_IRQHandler
                0x24002480                SPI1_IRQHandler
                0x24002480                OCTOSPI1_IRQHandler
                0x24002480                TIM6_DAC_IRQHandler
                0x24002480                BDMA2_Channel6_IRQHandler
                0x24002480                DMA2_Stream3_IRQHandler
                0x24002480                OCTOSPI2_IRQHandler
                0x24002480                SAI2_IRQHandler
                0x24002480                BDMA1_IRQHandler
                0x24002480                DFSDM1_FLT3_IRQHandler
                0x24002480                USART6_IRQHandler
                0x24002480                TIM17_IRQHandler
                0x24002480                USART3_IRQHandler
                0x24002480                LPTIM5_IRQHandler
                0x24002480                UART5_IRQHandler
                0x24002480                DMA2_Stream0_IRQHandler
                0x24002480                TIM4_IRQHandler
                0x24002480                I2C1_EV_IRQHandler
                0x24002480                DMA1_Stream6_IRQHandler
                0x24002480                DMAMUX1_OVR_IRQHandler
                0x24002480                DMA1_Stream1_IRQHandler
                0x24002480                TIM16_IRQHandler
                0x24002480                UART4_IRQHandler
                0x24002480                TIM3_IRQHandler
                0x24002480                RCC_IRQHandler
                0x24002480                UART9_IRQHandler
                0x24002480                TIM8_BRK_TIM12_IRQHandler
                0x24002480                TIM1_TRG_COM_IRQHandler
                0x24002480                Default_Handler
                0x24002480                ECC_IRQHandler
                0x24002480                BDMA2_Channel2_IRQHandler
                0x24002480                CEC_IRQHandler
                0x24002480                EXTI15_10_IRQHandler
                0x24002480                DFSDM1_FLT4_IRQHandler
                0x24002480                ADC_IRQHandler
                0x24002480                DMA1_Stream7_IRQHandler
                0x24002480                SPI5_IRQHandler
                0x24002480                TIM7_IRQHandler
                0x24002480                SDMMC1_IRQHandler
                0x24002480                TIM5_IRQHandler
                0x24002480                DMA2_Stream7_IRQHandler
                0x24002480                TIM15_IRQHandler
                0x24002480                I2C3_EV_IRQHandler
                0x24002480                DFSDM2_IRQHandler
                0x24002480                EXTI9_5_IRQHandler
                0x24002480                RTC_WKUP_IRQHandler
                0x24002480                LTDC_IRQHandler
                0x24002480                SPDIF_RX_IRQHandler
                0x24002480                PVD_PVM_IRQHandler
                0x24002480                SPI2_IRQHandler
                0x24002480                OTG_HS_EP1_IN_IRQHandler
                0x24002480                DFSDM1_FLT5_IRQHandler
                0x24002480                DMA1_Stream0_IRQHandler
                0x24002480                CRS_IRQHandler
                0x24002480                EXTI4_IRQHandler
                0x24002480                DFSDM1_FLT6_IRQHandler
                0x24002480                RNG_IRQHandler
                0x24002480                FDCAN2_IT1_IRQHandler
                0x24002480                COMP_IRQHandler
                0x24002480                TIM1_UP_IRQHandler
                0x24002480                OTG_HS_EP1_OUT_IRQHandler
                0x24002480                WWDG_IRQHandler
                0x24002480                SPI6_IRQHandler
                0x24002480                MDIOS_IRQHandler
                0x24002480                I2C4_EV_IRQHandler
                0x24002480                FDCAN2_IT0_IRQHandler
                0x24002480                LPUART1_IRQHandler
                0x24002480                FDCAN1_IT0_IRQHandler
                0x24002480                TIM2_IRQHandler
                0x24002480                BDMA2_Channel5_IRQHandler
                0x24002480                OTG_HS_IRQHandler
                0x24002480                DMA2D_IRQHandler
                0x24002480                TIM1_BRK_IRQHandler
                0x24002480                EXTI1_IRQHandler
                0x24002480                SDMMC2_IRQHandler
                0x24002480                DTS_IRQHandler
                0x24002480                UART7_IRQHandler
                0x24002480                MDIOS_WKUP_IRQHandler
                0x24002480                USART2_IRQHandler
                0x24002480                DFSDM1_FLT0_IRQHandler
                0x24002480                I2C2_ER_IRQHandler
                0x24002480                DMA2_Stream1_IRQHandler
                0x24002480                DFSDM1_FLT7_IRQHandler
                0x24002480                FLASH_IRQHandler
                0x24002480                DMA2_Stream4_IRQHandler
                0x24002480                USART1_IRQHandler
                0x24002480                SPI3_IRQHandler
                0x24002480                WAKEUP_PIN_IRQHandler
                0x24002480                DMA1_Stream4_IRQHandler
                0x24002480                I2C1_ER_IRQHandler
                0x24002480                FMC_IRQHandler
                0x24002480                BDMA2_Channel7_IRQHandler
                0x24002480                FDCAN_CAL_IRQHandler
                0x24002480                SWPMI1_IRQHandler
                0x24002480                LPTIM1_IRQHandler
                0x24002480                DCMI_PSSI_IRQHandler
                0x24002480                I2C4_ER_IRQHandler
                0x24002480                DMA2_Stream6_IRQHandler
                0x24002480                SAI1_IRQHandler
                0x24002480                DMA1_Stream3_IRQHandler
                0x24002480                RTC_TAMP_STAMP_CSS_LSE_IRQHandler
                0x24002480                BDMA2_Channel4_IRQHandler
 *fill*         0x24002482        0x2 
 .text.HAL_Init
                0x24002484       0x78 ./Drivers/STM32H7xx_HAL_Driver/Src/stm32h7xx_hal.o
                0x24002484                HAL_Init
 .text.HAL_DeInit
                0x240024fc       0xbc ./Drivers/STM32H7xx_HAL_Driver/Src/stm32h7xx_hal.o
                0x240024fc                HAL_DeInit
 .text.HAL_MspInit
                0x240025b8        0xe ./Drivers/STM32H7xx_HAL_Driver/Src/stm32h7xx_hal.o
 .text.HAL_MspDeInit
                0x240025c6        0xe ./Drivers/STM32H7xx_HAL_Driver/Src/stm32h7xx_hal.o
                0x240025c6                HAL_MspDeInit
 .text.HAL_InitTick
                0x240025d4       0x6c ./Drivers/STM32H7xx_HAL_Driver/Src/stm32h7xx_hal.o
                0x240025d4                HAL_InitTick
 .text.HAL_IncTick
                0x24002640       0x28 ./Drivers/STM32H7xx_HAL_Driver/Src/stm32h7xx_hal.o
                0x24002640                HAL_IncTick
 .text.HAL_GetTick
                0x24002668       0x18 ./Drivers/STM32H7xx_HAL_Driver/Src/stm32h7xx_hal.o
                0x24002668                HAL_GetTick
 .text.HAL_GetTickPrio
                0x24002680       0x18 ./Drivers/STM32H7xx_HAL_Driver/Src/stm32h7xx_hal.o
                0x24002680                HAL_GetTickPrio
 .text.HAL_SetTickFreq
                0x24002698       0x50 ./Drivers/STM32H7xx_HAL_Driver/Src/stm32h7xx_hal.o
                0x24002698                HAL_SetTickFreq
 .text.HAL_GetTickFreq
                0x240026e8       0x18 ./Drivers/STM32H7xx_HAL_Driver/Src/stm32h7xx_hal.o
                0x240026e8                HAL_GetTickFreq
 .text.HAL_Delay
                0x24002700       0x48 ./Drivers/STM32H7xx_HAL_Driver/Src/stm32h7xx_hal.o
                0x24002700                HAL_Delay
 .text.HAL_SuspendTick
                0x24002748       0x20 ./Drivers/STM32H7xx_HAL_Driver/Src/stm32h7xx_hal.o
                0x24002748                HAL_SuspendTick
 .text.HAL_ResumeTick
                0x24002768       0x20 ./Drivers/STM32H7xx_HAL_Driver/Src/stm32h7xx_hal.o
                0x24002768                HAL_ResumeTick
 .text.HAL_GetHalVersion
                0x24002788       0x14 ./Drivers/STM32H7xx_HAL_Driver/Src/stm32h7xx_hal.o
                0x24002788                HAL_GetHalVersion
 .text.HAL_GetREVID
                0x2400279c       0x18 ./Drivers/STM32H7xx_HAL_Driver/Src/stm32h7xx_hal.o
                0x2400279c                HAL_GetREVID
 .text.HAL_GetDEVID
                0x240027b4       0x1c ./Drivers/STM32H7xx_HAL_Driver/Src/stm32h7xx_hal.o
                0x240027b4                HAL_GetDEVID
 .text.HAL_GetUIDw0
                0x240027d0       0x18 ./Drivers/STM32H7xx_HAL_Driver/Src/stm32h7xx_hal.o
                0x240027d0                HAL_GetUIDw0
 .text.HAL_GetUIDw1
                0x240027e8       0x18 ./Drivers/STM32H7xx_HAL_Driver/Src/stm32h7xx_hal.o
                0x240027e8                HAL_GetUIDw1
 .text.HAL_GetUIDw2
                0x24002800       0x18 ./Drivers/STM32H7xx_HAL_Driver/Src/stm32h7xx_hal.o
                0x24002800                HAL_GetUIDw2
 .text.HAL_SYSCFG_VREFBUF_VoltageScalingConfig
                0x24002818       0x28 ./Drivers/STM32H7xx_HAL_Driver/Src/stm32h7xx_hal.o
                0x24002818                HAL_SYSCFG_VREFBUF_VoltageScalingConfig
 .text.HAL_SYSCFG_VREFBUF_HighImpedanceConfig
                0x24002840       0x28 ./Drivers/STM32H7xx_HAL_Driver/Src/stm32h7xx_hal.o
                0x24002840                HAL_SYSCFG_VREFBUF_HighImpedanceConfig
 .text.HAL_SYSCFG_VREFBUF_TrimmingConfig
                0x24002868       0x28 ./Drivers/STM32H7xx_HAL_Driver/Src/stm32h7xx_hal.o
                0x24002868                HAL_SYSCFG_VREFBUF_TrimmingConfig
 .text.HAL_SYSCFG_EnableVREFBUF
                0x24002890       0x48 ./Drivers/STM32H7xx_HAL_Driver/Src/stm32h7xx_hal.o
                0x24002890                HAL_SYSCFG_EnableVREFBUF
 .text.HAL_SYSCFG_DisableVREFBUF
                0x240028d8       0x20 ./Drivers/STM32H7xx_HAL_Driver/Src/stm32h7xx_hal.o
                0x240028d8                HAL_SYSCFG_DisableVREFBUF
 .text.HAL_SYSCFG_AnalogSwitchConfig
                0x240028f8       0x2c ./Drivers/STM32H7xx_HAL_Driver/Src/stm32h7xx_hal.o
                0x240028f8                HAL_SYSCFG_AnalogSwitchConfig
 .text.HAL_EnableCompensationCell
                0x24002924       0x20 ./Drivers/STM32H7xx_HAL_Driver/Src/stm32h7xx_hal.o
                0x24002924                HAL_EnableCompensationCell
 .text.HAL_DisableCompensationCell
                0x24002944       0x20 ./Drivers/STM32H7xx_HAL_Driver/Src/stm32h7xx_hal.o
                0x24002944                HAL_DisableCompensationCell
 .text.HAL_SYSCFG_EnableIOSpeedOptimize
                0x24002964       0x20 ./Drivers/STM32H7xx_HAL_Driver/Src/stm32h7xx_hal.o
                0x24002964                HAL_SYSCFG_EnableIOSpeedOptimize
 .text.HAL_SYSCFG_DisableIOSpeedOptimize
                0x24002984       0x20 ./Drivers/STM32H7xx_HAL_Driver/Src/stm32h7xx_hal.o
                0x24002984                HAL_SYSCFG_DisableIOSpeedOptimize
 .text.HAL_SYSCFG_CompensationCodeSelect
                0x240029a4       0x28 ./Drivers/STM32H7xx_HAL_Driver/Src/stm32h7xx_hal.o
                0x240029a4                HAL_SYSCFG_CompensationCodeSelect
 .text.HAL_SYSCFG_CompensationCodeConfig
                0x240029cc       0x30 ./Drivers/STM32H7xx_HAL_Driver/Src/stm32h7xx_hal.o
                0x240029cc                HAL_SYSCFG_CompensationCodeConfig
 .text.HAL_SYSCFG_VDDMMC_CompensationCodeConfig
                0x240029fc       0x30 ./Drivers/STM32H7xx_HAL_Driver/Src/stm32h7xx_hal.o
                0x240029fc                HAL_SYSCFG_VDDMMC_CompensationCodeConfig
 .text.HAL_DBGMCU_EnableDBGSleepMode
                0x24002a2c       0x20 ./Drivers/STM32H7xx_HAL_Driver/Src/stm32h7xx_hal.o
                0x24002a2c                HAL_DBGMCU_EnableDBGSleepMode
 .text.HAL_DBGMCU_DisableDBGSleepMode
                0x24002a4c       0x20 ./Drivers/STM32H7xx_HAL_Driver/Src/stm32h7xx_hal.o
                0x24002a4c                HAL_DBGMCU_DisableDBGSleepMode
 .text.HAL_DBGMCU_EnableDBGStopMode
                0x24002a6c       0x20 ./Drivers/STM32H7xx_HAL_Driver/Src/stm32h7xx_hal.o
                0x24002a6c                HAL_DBGMCU_EnableDBGStopMode
 .text.HAL_DBGMCU_DisableDBGStopMode
                0x24002a8c       0x20 ./Drivers/STM32H7xx_HAL_Driver/Src/stm32h7xx_hal.o
                0x24002a8c                HAL_DBGMCU_DisableDBGStopMode
 .text.HAL_DBGMCU_EnableDBGStandbyMode
                0x24002aac       0x20 ./Drivers/STM32H7xx_HAL_Driver/Src/stm32h7xx_hal.o
                0x24002aac                HAL_DBGMCU_EnableDBGStandbyMode
 .text.HAL_DBGMCU_DisableDBGStandbyMode
                0x24002acc       0x20 ./Drivers/STM32H7xx_HAL_Driver/Src/stm32h7xx_hal.o
                0x24002acc                HAL_DBGMCU_DisableDBGStandbyMode
 .text.HAL_EnableDomain3DBGStopMode
                0x24002aec       0x20 ./Drivers/STM32H7xx_HAL_Driver/Src/stm32h7xx_hal.o
                0x24002aec                HAL_EnableDomain3DBGStopMode
 .text.HAL_DisableDomain3DBGStopMode
                0x24002b0c       0x20 ./Drivers/STM32H7xx_HAL_Driver/Src/stm32h7xx_hal.o
                0x24002b0c                HAL_DisableDomain3DBGStopMode
 .text.HAL_EnableDomain3DBGStandbyMode
                0x24002b2c       0x20 ./Drivers/STM32H7xx_HAL_Driver/Src/stm32h7xx_hal.o
                0x24002b2c                HAL_EnableDomain3DBGStandbyMode
 .text.HAL_DisableDomain3DBGStandbyMode
                0x24002b4c       0x20 ./Drivers/STM32H7xx_HAL_Driver/Src/stm32h7xx_hal.o
                0x24002b4c                HAL_DisableDomain3DBGStandbyMode
 .text.HAL_SetFMCMemorySwappingConfig
                0x24002b6c       0x28 ./Drivers/STM32H7xx_HAL_Driver/Src/stm32h7xx_hal.o
                0x24002b6c                HAL_SetFMCMemorySwappingConfig
 .text.HAL_GetFMCMemorySwappingConfig
                0x24002b94       0x1c ./Drivers/STM32H7xx_HAL_Driver/Src/stm32h7xx_hal.o
                0x24002b94                HAL_GetFMCMemorySwappingConfig
 .text.HAL_EXTI_EdgeConfig
                0x24002bb0       0xd0 ./Drivers/STM32H7xx_HAL_Driver/Src/stm32h7xx_hal.o
                0x24002bb0                HAL_EXTI_EdgeConfig
 .text.HAL_EXTI_GenerateSWInterrupt
                0x24002c80       0x40 ./Drivers/STM32H7xx_HAL_Driver/Src/stm32h7xx_hal.o
                0x24002c80                HAL_EXTI_GenerateSWInterrupt
 .text.HAL_EXTI_D1_ClearFlag
                0x24002cc0       0x30 ./Drivers/STM32H7xx_HAL_Driver/Src/stm32h7xx_hal.o
                0x24002cc0                HAL_EXTI_D1_ClearFlag
 .text.HAL_EXTI_D1_EventInputConfig
                0x24002cf0       0xec ./Drivers/STM32H7xx_HAL_Driver/Src/stm32h7xx_hal.o
                0x24002cf0                HAL_EXTI_D1_EventInputConfig
 .text.HAL_EXTI_D3_EventInputConfig
                0x24002ddc       0xd0 ./Drivers/STM32H7xx_HAL_Driver/Src/stm32h7xx_hal.o
                0x24002ddc                HAL_EXTI_D3_EventInputConfig
 .text.__NVIC_SetPriorityGrouping
                0x24002eac       0x48 ./Drivers/STM32H7xx_HAL_Driver/Src/stm32h7xx_hal_cortex.o
 .text.__NVIC_GetPriorityGrouping
                0x24002ef4       0x1c ./Drivers/STM32H7xx_HAL_Driver/Src/stm32h7xx_hal_cortex.o
 .text.__NVIC_EnableIRQ
                0x24002f10       0x3c ./Drivers/STM32H7xx_HAL_Driver/Src/stm32h7xx_hal_cortex.o
 .text.__NVIC_DisableIRQ
                0x24002f4c       0x48 ./Drivers/STM32H7xx_HAL_Driver/Src/stm32h7xx_hal_cortex.o
 .text.__NVIC_GetPendingIRQ
                0x24002f94       0x44 ./Drivers/STM32H7xx_HAL_Driver/Src/stm32h7xx_hal_cortex.o
 .text.__NVIC_SetPendingIRQ
                0x24002fd8       0x3c ./Drivers/STM32H7xx_HAL_Driver/Src/stm32h7xx_hal_cortex.o
 .text.__NVIC_ClearPendingIRQ
                0x24003014       0x3c ./Drivers/STM32H7xx_HAL_Driver/Src/stm32h7xx_hal_cortex.o
 .text.__NVIC_GetActive
                0x24003050       0x44 ./Drivers/STM32H7xx_HAL_Driver/Src/stm32h7xx_hal_cortex.o
 .text.__NVIC_SetPriority
                0x24003094       0x54 ./Drivers/STM32H7xx_HAL_Driver/Src/stm32h7xx_hal_cortex.o
 .text.__NVIC_GetPriority
                0x240030e8       0x50 ./Drivers/STM32H7xx_HAL_Driver/Src/stm32h7xx_hal_cortex.o
 .text.NVIC_EncodePriority
                0x24003138       0x66 ./Drivers/STM32H7xx_HAL_Driver/Src/stm32h7xx_hal_cortex.o
 .text.NVIC_DecodePriority
                0x2400319e       0x6e ./Drivers/STM32H7xx_HAL_Driver/Src/stm32h7xx_hal_cortex.o
 .text.__NVIC_SystemReset
                0x2400320c       0x2c ./Drivers/STM32H7xx_HAL_Driver/Src/stm32h7xx_hal_cortex.o
 .text.SysTick_Config
                0x24003238       0x44 ./Drivers/STM32H7xx_HAL_Driver/Src/stm32h7xx_hal_cortex.o
 .text.HAL_NVIC_SetPriorityGrouping
                0x2400327c       0x16 ./Drivers/STM32H7xx_HAL_Driver/Src/stm32h7xx_hal_cortex.o
                0x2400327c                HAL_NVIC_SetPriorityGrouping
 .text.HAL_NVIC_SetPriority
                0x24003292       0x34 ./Drivers/STM32H7xx_HAL_Driver/Src/stm32h7xx_hal_cortex.o
                0x24003292                HAL_NVIC_SetPriority
 .text.HAL_NVIC_EnableIRQ
                0x240032c6       0x1c ./Drivers/STM32H7xx_HAL_Driver/Src/stm32h7xx_hal_cortex.o
                0x240032c6                HAL_NVIC_EnableIRQ
 .text.HAL_NVIC_DisableIRQ
                0x240032e2       0x1c ./Drivers/STM32H7xx_HAL_Driver/Src/stm32h7xx_hal_cortex.o
                0x240032e2                HAL_NVIC_DisableIRQ
 .text.HAL_NVIC_SystemReset
                0x240032fe        0x8 ./Drivers/STM32H7xx_HAL_Driver/Src/stm32h7xx_hal_cortex.o
                0x240032fe                HAL_NVIC_SystemReset
 .text.HAL_SYSTICK_Config
                0x24003306       0x18 ./Drivers/STM32H7xx_HAL_Driver/Src/stm32h7xx_hal_cortex.o
                0x24003306                HAL_SYSTICK_Config
 *fill*         0x2400331e        0x2 
 .text.HAL_MPU_Disable
                0x24003320       0x30 ./Drivers/STM32H7xx_HAL_Driver/Src/stm32h7xx_hal_cortex.o
                0x24003320                HAL_MPU_Disable
 .text.HAL_MPU_Enable
                0x24003350       0x40 ./Drivers/STM32H7xx_HAL_Driver/Src/stm32h7xx_hal_cortex.o
                0x24003350                HAL_MPU_Enable
 .text.HAL_MPU_EnableRegion
                0x24003390       0x2c ./Drivers/STM32H7xx_HAL_Driver/Src/stm32h7xx_hal_cortex.o
                0x24003390                HAL_MPU_EnableRegion
 .text.HAL_MPU_DisableRegion
                0x240033bc       0x2c ./Drivers/STM32H7xx_HAL_Driver/Src/stm32h7xx_hal_cortex.o
                0x240033bc                HAL_MPU_DisableRegion
 .text.HAL_MPU_ConfigRegion
                0x240033e8       0x80 ./Drivers/STM32H7xx_HAL_Driver/Src/stm32h7xx_hal_cortex.o
                0x240033e8                HAL_MPU_ConfigRegion
 .text.HAL_NVIC_GetPriorityGrouping
                0x24003468        0xe ./Drivers/STM32H7xx_HAL_Driver/Src/stm32h7xx_hal_cortex.o
                0x24003468                HAL_NVIC_GetPriorityGrouping
 .text.HAL_NVIC_GetPriority
                0x24003476       0x2c ./Drivers/STM32H7xx_HAL_Driver/Src/stm32h7xx_hal_cortex.o
                0x24003476                HAL_NVIC_GetPriority
 .text.HAL_NVIC_SetPendingIRQ
                0x240034a2       0x1c ./Drivers/STM32H7xx_HAL_Driver/Src/stm32h7xx_hal_cortex.o
                0x240034a2                HAL_NVIC_SetPendingIRQ
 .text.HAL_NVIC_GetPendingIRQ
                0x240034be       0x1e ./Drivers/STM32H7xx_HAL_Driver/Src/stm32h7xx_hal_cortex.o
                0x240034be                HAL_NVIC_GetPendingIRQ
 .text.HAL_NVIC_ClearPendingIRQ
                0x240034dc       0x1c ./Drivers/STM32H7xx_HAL_Driver/Src/stm32h7xx_hal_cortex.o
                0x240034dc                HAL_NVIC_ClearPendingIRQ
 .text.HAL_NVIC_GetActive
                0x240034f8       0x1e ./Drivers/STM32H7xx_HAL_Driver/Src/stm32h7xx_hal_cortex.o
                0x240034f8                HAL_NVIC_GetActive
 *fill*         0x24003516        0x2 
 .text.HAL_SYSTICK_CLKSourceConfig
                0x24003518       0x38 ./Drivers/STM32H7xx_HAL_Driver/Src/stm32h7xx_hal_cortex.o
                0x24003518                HAL_SYSTICK_CLKSourceConfig
 .text.HAL_SYSTICK_IRQHandler
                0x24003550        0xc ./Drivers/STM32H7xx_HAL_Driver/Src/stm32h7xx_hal_cortex.o
                0x24003550                HAL_SYSTICK_IRQHandler
 .text.HAL_SYSTICK_Callback
                0x2400355c        0xe ./Drivers/STM32H7xx_HAL_Driver/Src/stm32h7xx_hal_cortex.o
                0x2400355c                HAL_SYSTICK_Callback
 .text.HAL_GetCurrentCPUID
                0x2400356a       0x10 ./Drivers/STM32H7xx_HAL_Driver/Src/stm32h7xx_hal_cortex.o
                0x2400356a                HAL_GetCurrentCPUID
 *fill*         0x2400357a        0x2 
 .text.HAL_DMA_Init
                0x2400357c      0x71c ./Drivers/STM32H7xx_HAL_Driver/Src/stm32h7xx_hal_dma.o
                0x2400357c                HAL_DMA_Init
 .text.HAL_DMA_DeInit
                0x24003c98      0x518 ./Drivers/STM32H7xx_HAL_Driver/Src/stm32h7xx_hal_dma.o
                0x24003c98                HAL_DMA_DeInit
 .text.HAL_DMA_Start
                0x240041b0      0x240 ./Drivers/STM32H7xx_HAL_Driver/Src/stm32h7xx_hal_dma.o
                0x240041b0                HAL_DMA_Start
 .text.HAL_DMA_Start_IT
                0x240043f0      0x4d4 ./Drivers/STM32H7xx_HAL_Driver/Src/stm32h7xx_hal_dma.o
                0x240043f0                HAL_DMA_Start_IT
 .text.HAL_DMA_Abort
                0x240048c4      0x63c ./Drivers/STM32H7xx_HAL_Driver/Src/stm32h7xx_hal_dma.o
                0x240048c4                HAL_DMA_Abort
 .text.HAL_DMA_Abort_IT
                0x24004f00      0x48c ./Drivers/STM32H7xx_HAL_Driver/Src/stm32h7xx_hal_dma.o
                0x24004f00                HAL_DMA_Abort_IT
 .text.HAL_DMA_PollForTransfer
                0x2400538c      0x754 ./Drivers/STM32H7xx_HAL_Driver/Src/stm32h7xx_hal_dma.o
                0x2400538c                HAL_DMA_PollForTransfer
 .text.HAL_DMA_IRQHandler
                0x24005ae0      0xec4 ./Drivers/STM32H7xx_HAL_Driver/Src/stm32h7xx_hal_dma.o
                0x24005ae0                HAL_DMA_IRQHandler
 .text.HAL_DMA_RegisterCallback
                0x240069a4       0xb4 ./Drivers/STM32H7xx_HAL_Driver/Src/stm32h7xx_hal_dma.o
                0x240069a4                HAL_DMA_RegisterCallback
 .text.HAL_DMA_UnRegisterCallback
                0x24006a58       0xdc ./Drivers/STM32H7xx_HAL_Driver/Src/stm32h7xx_hal_dma.o
                0x24006a58                HAL_DMA_UnRegisterCallback
 .text.HAL_DMA_GetState
                0x24006b34       0x1c ./Drivers/STM32H7xx_HAL_Driver/Src/stm32h7xx_hal_dma.o
                0x24006b34                HAL_DMA_GetState
 .text.HAL_DMA_GetError
                0x24006b50       0x18 ./Drivers/STM32H7xx_HAL_Driver/Src/stm32h7xx_hal_dma.o
                0x24006b50                HAL_DMA_GetError
 .text.DMA_SetConfig
                0x24006b68      0x3c8 ./Drivers/STM32H7xx_HAL_Driver/Src/stm32h7xx_hal_dma.o
 .text.DMA_CalcBaseAndBitshift
                0x24006f30      0x164 ./Drivers/STM32H7xx_HAL_Driver/Src/stm32h7xx_hal_dma.o
 .text.DMA_CheckFifoParam
                0x24007094       0xf8 ./Drivers/STM32H7xx_HAL_Driver/Src/stm32h7xx_hal_dma.o
 .text.DMA_CalcDMAMUXChannelBaseAndMask
                0x2400718c      0x134 ./Drivers/STM32H7xx_HAL_Driver/Src/stm32h7xx_hal_dma.o
 .text.DMA_CalcDMAMUXRequestGenBaseAndMask
                0x240072c0       0xe8 ./Drivers/STM32H7xx_HAL_Driver/Src/stm32h7xx_hal_dma.o
 .text.HAL_DMAEx_MultiBufferStart
                0x240073a8      0x404 ./Drivers/STM32H7xx_HAL_Driver/Src/stm32h7xx_hal_dma_ex.o
                0x240073a8                HAL_DMAEx_MultiBufferStart
 .text.HAL_DMAEx_MultiBufferStart_IT
                0x240077ac      0x6bc ./Drivers/STM32H7xx_HAL_Driver/Src/stm32h7xx_hal_dma_ex.o
                0x240077ac                HAL_DMAEx_MultiBufferStart_IT
 .text.HAL_DMAEx_ChangeMemory
                0x24007e68      0x138 ./Drivers/STM32H7xx_HAL_Driver/Src/stm32h7xx_hal_dma_ex.o
                0x24007e68                HAL_DMAEx_ChangeMemory
 .text.HAL_DMAEx_ConfigMuxSync
                0x24007fa0      0x18c ./Drivers/STM32H7xx_HAL_Driver/Src/stm32h7xx_hal_dma_ex.o
                0x24007fa0                HAL_DMAEx_ConfigMuxSync
 .text.HAL_DMAEx_ConfigMuxRequestGenerator
                0x2400812c      0x170 ./Drivers/STM32H7xx_HAL_Driver/Src/stm32h7xx_hal_dma_ex.o
                0x2400812c                HAL_DMAEx_ConfigMuxRequestGenerator
 .text.HAL_DMAEx_EnableMuxRequestGenerator
                0x2400829c       0x3e ./Drivers/STM32H7xx_HAL_Driver/Src/stm32h7xx_hal_dma_ex.o
                0x2400829c                HAL_DMAEx_EnableMuxRequestGenerator
 .text.HAL_DMAEx_DisableMuxRequestGenerator
                0x240082da       0x3e ./Drivers/STM32H7xx_HAL_Driver/Src/stm32h7xx_hal_dma_ex.o
                0x240082da                HAL_DMAEx_DisableMuxRequestGenerator
 .text.HAL_DMAEx_MUX_IRQHandler
                0x24008318       0xa4 ./Drivers/STM32H7xx_HAL_Driver/Src/stm32h7xx_hal_dma_ex.o
                0x24008318                HAL_DMAEx_MUX_IRQHandler
 .text.DMA_MultiBufferSetConfig
                0x240083bc      0x16c ./Drivers/STM32H7xx_HAL_Driver/Src/stm32h7xx_hal_dma_ex.o
 .text.HAL_EXTI_SetConfigLine
                0x24008528      0x258 ./Drivers/STM32H7xx_HAL_Driver/Src/stm32h7xx_hal_exti.o
                0x24008528                HAL_EXTI_SetConfigLine
 .text.HAL_EXTI_GetConfigLine
                0x24008780      0x1cc ./Drivers/STM32H7xx_HAL_Driver/Src/stm32h7xx_hal_exti.o
                0x24008780                HAL_EXTI_GetConfigLine
 .text.HAL_EXTI_ClearConfigLine
                0x2400894c      0x194 ./Drivers/STM32H7xx_HAL_Driver/Src/stm32h7xx_hal_exti.o
                0x2400894c                HAL_EXTI_ClearConfigLine
 .text.HAL_EXTI_RegisterCallback
                0x24008ae0       0x3e ./Drivers/STM32H7xx_HAL_Driver/Src/stm32h7xx_hal_exti.o
                0x24008ae0                HAL_EXTI_RegisterCallback
 .text.HAL_EXTI_GetHandle
                0x24008b1e       0x28 ./Drivers/STM32H7xx_HAL_Driver/Src/stm32h7xx_hal_exti.o
                0x24008b1e                HAL_EXTI_GetHandle
 *fill*         0x24008b46        0x2 
 .text.HAL_EXTI_IRQHandler
                0x24008b48       0x60 ./Drivers/STM32H7xx_HAL_Driver/Src/stm32h7xx_hal_exti.o
                0x24008b48                HAL_EXTI_IRQHandler
 .text.HAL_EXTI_GetPending
                0x24008ba8       0x58 ./Drivers/STM32H7xx_HAL_Driver/Src/stm32h7xx_hal_exti.o
                0x24008ba8                HAL_EXTI_GetPending
 .text.HAL_EXTI_ClearPending
                0x24008c00       0x48 ./Drivers/STM32H7xx_HAL_Driver/Src/stm32h7xx_hal_exti.o
                0x24008c00                HAL_EXTI_ClearPending
 .text.HAL_EXTI_GenerateSWI
                0x24008c48       0x44 ./Drivers/STM32H7xx_HAL_Driver/Src/stm32h7xx_hal_exti.o
                0x24008c48                HAL_EXTI_GenerateSWI
 .text.HAL_FLASH_Program
                0x24008c8c      0x174 ./Drivers/STM32H7xx_HAL_Driver/Src/stm32h7xx_hal_flash.o
                0x24008c8c                HAL_FLASH_Program
 .text.HAL_FLASH_Program_IT
                0x24008e00      0x158 ./Drivers/STM32H7xx_HAL_Driver/Src/stm32h7xx_hal_flash.o
                0x24008e00                HAL_FLASH_Program_IT
 .text.HAL_FLASH_IRQHandler
                0x24008f58      0x2b4 ./Drivers/STM32H7xx_HAL_Driver/Src/stm32h7xx_hal_flash.o
                0x24008f58                HAL_FLASH_IRQHandler
 .text.HAL_FLASH_EndOfOperationCallback
                0x2400920c       0x14 ./Drivers/STM32H7xx_HAL_Driver/Src/stm32h7xx_hal_flash.o
                0x2400920c                HAL_FLASH_EndOfOperationCallback
 .text.HAL_FLASH_OperationErrorCallback
                0x24009220       0x14 ./Drivers/STM32H7xx_HAL_Driver/Src/stm32h7xx_hal_flash.o
                0x24009220                HAL_FLASH_OperationErrorCallback
 .text.HAL_FLASH_Unlock
                0x24009234       0x74 ./Drivers/STM32H7xx_HAL_Driver/Src/stm32h7xx_hal_flash.o
                0x24009234                HAL_FLASH_Unlock
 .text.HAL_FLASH_Lock
                0x240092a8       0x54 ./Drivers/STM32H7xx_HAL_Driver/Src/stm32h7xx_hal_flash.o
                0x240092a8                HAL_FLASH_Lock
 .text.HAL_FLASH_OB_Unlock
                0x240092fc       0x44 ./Drivers/STM32H7xx_HAL_Driver/Src/stm32h7xx_hal_flash.o
                0x240092fc                HAL_FLASH_OB_Unlock
 .text.HAL_FLASH_OB_Lock
                0x24009340       0x30 ./Drivers/STM32H7xx_HAL_Driver/Src/stm32h7xx_hal_flash.o
                0x24009340                HAL_FLASH_OB_Lock
 .text.HAL_FLASH_OB_Launch
                0x24009370       0x64 ./Drivers/STM32H7xx_HAL_Driver/Src/stm32h7xx_hal_flash.o
                0x24009370                HAL_FLASH_OB_Launch
 .text.HAL_FLASH_GetError
                0x240093d4       0x18 ./Drivers/STM32H7xx_HAL_Driver/Src/stm32h7xx_hal_flash.o
                0x240093d4                HAL_FLASH_GetError
 .text.FLASH_WaitForLastOperation
                0x240093ec      0x134 ./Drivers/STM32H7xx_HAL_Driver/Src/stm32h7xx_hal_flash.o
                0x240093ec                FLASH_WaitForLastOperation
 .text.FLASH_OB_WaitForLastOperation
                0x24009520       0x78 ./Drivers/STM32H7xx_HAL_Driver/Src/stm32h7xx_hal_flash.o
                0x24009520                FLASH_OB_WaitForLastOperation
 .text.FLASH_CRC_WaitForLastOperation
                0x24009598       0xf4 ./Drivers/STM32H7xx_HAL_Driver/Src/stm32h7xx_hal_flash.o
                0x24009598                FLASH_CRC_WaitForLastOperation
 .text.HAL_FLASHEx_Erase
                0x2400968c      0x194 ./Drivers/STM32H7xx_HAL_Driver/Src/stm32h7xx_hal_flash_ex.o
                0x2400968c                HAL_FLASHEx_Erase
 .text.HAL_FLASHEx_Erase_IT
                0x24009820      0x138 ./Drivers/STM32H7xx_HAL_Driver/Src/stm32h7xx_hal_flash_ex.o
                0x24009820                HAL_FLASHEx_Erase_IT
 .text.HAL_FLASHEx_OBProgram
                0x24009958      0x15c ./Drivers/STM32H7xx_HAL_Driver/Src/stm32h7xx_hal_flash_ex.o
                0x24009958                HAL_FLASHEx_OBProgram
 .text.HAL_FLASHEx_OBGetConfig
                0x24009ab4       0xcc ./Drivers/STM32H7xx_HAL_Driver/Src/stm32h7xx_hal_flash_ex.o
                0x24009ab4                HAL_FLASHEx_OBGetConfig
 .text.HAL_FLASHEx_Unlock_Bank1
                0x24009b80       0x44 ./Drivers/STM32H7xx_HAL_Driver/Src/stm32h7xx_hal_flash_ex.o
                0x24009b80                HAL_FLASHEx_Unlock_Bank1
 .text.HAL_FLASHEx_Lock_Bank1
                0x24009bc4       0x20 ./Drivers/STM32H7xx_HAL_Driver/Src/stm32h7xx_hal_flash_ex.o
                0x24009bc4                HAL_FLASHEx_Lock_Bank1
 .text.HAL_FLASHEx_Unlock_Bank2
                0x24009be4       0x4c ./Drivers/STM32H7xx_HAL_Driver/Src/stm32h7xx_hal_flash_ex.o
                0x24009be4                HAL_FLASHEx_Unlock_Bank2
 .text.HAL_FLASHEx_Lock_Bank2